Archive member included to satisfy reference by file (symbol)

/home/rait/.platformio/packages/framework-arduinoasrmicro650x/cores/asr650x/projects/CubeCellLib.a(AT_Command.o)
                              .pio/build/cubecell_gps/src/main.cpp.o (enableAt)
/home/rait/.platformio/packages/framework-arduinoasrmicro650x/cores/asr650x/projects/CubeCellLib.a(UART_1.o)
                              /home/rait/.platformio/packages/framework-arduinoasrmicro650x/cores/asr650x/projects/CubeCellLib.a(AT_Command.o) (UART_1_Start)
/home/rait/.platformio/packages/framework-arduinoasrmicro650x/cores/asr650x/projects/CubeCellLib.a(ASR_Arduino.o)
                              /home/rait/.platformio/packages/framework-arduinoasrmicro650x/cores/asr650x/projects/CubeCellLib.a(AT_Command.o) (getID)
/home/rait/.platformio/packages/framework-arduinoasrmicro650x/cores/asr650x/projects/CubeCellLib.a(timeServer.o)
                              /home/rait/.platformio/packages/framework-arduinoasrmicro650x/cores/asr650x/projects/CubeCellLib.a(AT_Command.o) (TimerInit)
/home/rait/.platformio/packages/framework-arduinoasrmicro650x/cores/asr650x/projects/CubeCellLib.a(lorawan_port.o)
                              /home/rait/.platformio/packages/framework-arduinoasrmicro650x/cores/asr650x/projects/CubeCellLib.a(timeServer.o) (aos_lrwan_time_itf)
/home/rait/.platformio/packages/framework-arduinoasrmicro650x/cores/asr650x/projects/CubeCellLib.a(asr_timer.o)
                              /home/rait/.platformio/packages/framework-arduinoasrmicro650x/cores/asr650x/projects/CubeCellLib.a(lorawan_port.o) (Asr_Timer_RegisterAlarmCallback)
/home/rait/.platformio/packages/framework-arduinoasrmicro650x/cores/asr650x/projects/CubeCellLib.a(cyfitter_cfg.o)
                              /home/rait/.platformio/packages/framework-arduinoasrmicro650x/cores/asr650x/projects/CubeCellLib.a(ASR_Arduino.o) (systime)
.pio/build/cubecell_gps/libed2/libOneButton.a(OneButton.cpp.o)
                              .pio/build/cubecell_gps/src/main.cpp.o (OneButton::OneButton(int, bool, bool))
.pio/build/cubecell_gps/libbbe/libOnBoardGPS_Air530.a(CubeCell_TinyGPS++.cpp.o)
                              .pio/build/cubecell_gps/src/main.cpp.o (TinyGPSLocation::lat())
.pio/build/cubecell_gps/libbbe/libOnBoardGPS_Air530.a(GPS_Air530.cpp.o)
                              .pio/build/cubecell_gps/src/main.cpp.o (Air530Class::available())
.pio/build/cubecell_gps/libce6/libOLED.a(cubecell_OLEDDisplay.cpp.o)
                              .pio/build/cubecell_gps/src/main.cpp.o (OLEDDisplay::setTextAlignment(OLEDDISPLAY_TEXT_ALIGNMENT))
.pio/build/cubecell_gps/lib510/libLoRa.a(LoRaWan_APP.cpp.o)
                              .pio/build/cubecell_gps/src/main.cpp.o (getBatteryVoltage)
.pio/build/cubecell_gps/lib510/libLoRa.a(LoRa_APP.cpp.o)
                              /home/rait/.platformio/packages/framework-arduinoasrmicro650x/cores/asr650x/projects/CubeCellLib.a(AT_Command.o) (LoraRxTimeout)
.pio/build/cubecell_gps/libFrameworkArduino.a(HardwareSerial.cpp.o)
                              .pio/build/cubecell_gps/libbbe/libOnBoardGPS_Air530.a(GPS_Air530.cpp.o) (HardwareSerial::available())
.pio/build/cubecell_gps/libFrameworkArduino.a(Wire.cpp.o)
                              .pio/build/cubecell_gps/src/main.cpp.o (TwoWire::write(unsigned char))
.pio/build/cubecell_gps/libFrameworkArduino.a(asr_board.c.o)
                              .pio/build/cubecell_gps/src/main.cpp.o (boardInitMcu)
.pio/build/cubecell_gps/libFrameworkArduino.a(gpio.c.o)
                              .pio/build/cubecell_gps/libFrameworkArduino.a(asr_board.c.o) (GpioInit)
.pio/build/cubecell_gps/libFrameworkArduino.a(spi-board.c.o)
                              .pio/build/cubecell_gps/libFrameworkArduino.a(asr_board.c.o) (SpiInit)
.pio/build/cubecell_gps/libFrameworkArduino.a(ADC_SAR_Seq.c.o)
                              /home/rait/.platformio/packages/framework-arduinoasrmicro650x/cores/asr650x/projects/CubeCellLib.a(ASR_Arduino.o) (ADC_SAR_Seq_Start)
.pio/build/cubecell_gps/libFrameworkArduino.a(ADC_SAR_Seq_INT.c.o)
                              .pio/build/cubecell_gps/libFrameworkArduino.a(ADC_SAR_Seq.c.o) (ADC_SAR_Seq_ISR)
.pio/build/cubecell_gps/libFrameworkArduino.a(I2C_1_I2C_MASTER.c.o)
                              .pio/build/cubecell_gps/libFrameworkArduino.a(Wire.cpp.o) (I2C_1_I2CMasterSendStart)
.pio/build/cubecell_gps/libFrameworkArduino.a(I2C_I2C_MASTER.c.o)
                              .pio/build/cubecell_gps/libFrameworkArduino.a(Wire.cpp.o) (I2C_I2CMasterSendStart)
.pio/build/cubecell_gps/libFrameworkArduino.a(PWM1.c.o)
                              /home/rait/.platformio/packages/framework-arduinoasrmicro650x/cores/asr650x/projects/CubeCellLib.a(ASR_Arduino.o) (PWM1_Stop)
.pio/build/cubecell_gps/libFrameworkArduino.a(PWM2.c.o)
                              /home/rait/.platformio/packages/framework-arduinoasrmicro650x/cores/asr650x/projects/CubeCellLib.a(ASR_Arduino.o) (PWM2_Stop)
[...]
Memory Configuration

Name             Origin             Length             Attributes
rom              0x0000000000000000 0x0000000000020000 xr
ram              0x0000000020000000 0x0000000000004000 xrw
*default*        0x0000000000000000 0xffffffffffffffff

Linker script and memory map

LOAD /home/rait/.platformio/packages/toolchain-gccarmnoneeabi/bin/../lib/gcc/arm-none-eabi/9.2.1/thumb/v6-m/nofp/crti.o
LOAD /home/rait/.platformio/packages/toolchain-gccarmnoneeabi/bin/../lib/gcc/arm-none-eabi/9.2.1/thumb/v6-m/nofp/crtbegin.o
LOAD /home/rait/.platformio/packages/toolchain-gccarmnoneeabi/bin/../lib/gcc/arm-none-eabi/9.2.1/../../../../arm-none-eabi/lib/thumb/v6-m/nofp/crt0.o
LOAD .pio/build/cubecell_gps/src/main.cpp.o
START GROUP
LOAD /home/rait/.platformio/packages/framework-arduinoasrmicro650x/cores/asr650x/projects/CubeCellLib.a
LOAD .pio/build/cubecell_gps/libed2/libOneButton.a
LOAD .pio/build/cubecell_gps/libbbe/libOnBoardGPS_Air530.a
LOAD .pio/build/cubecell_gps/lib584/libRGB.a
LOAD .pio/build/cubecell_gps/libce6/libOLED.a
LOAD .pio/build/cubecell_gps/lib510/libLoRa.a
LOAD .pio/build/cubecell_gps/libFrameworkArduinoVariant.a
LOAD .pio/build/cubecell_gps/libFrameworkArduino.a
LOAD /home/rait/.platformio/packages/toolchain-gccarmnoneeabi/bin/../lib/gcc/arm-none-eabi/9.2.1/../../../../arm-none-eabi/lib/thumb/v6-m/nofp/libstdc++_nano.a
END GROUP
LOAD /home/rait/.platformio/packages/toolchain-gccarmnoneeabi/bin/../lib/gcc/arm-none-eabi/9.2.1/../../../../arm-none-eabi/lib/thumb/v6-m/nofp/libstdc++_nano.a
LOAD /home/rait/.platformio/packages/toolchain-gccarmnoneeabi/bin/../lib/gcc/arm-none-eabi/9.2.1/../../../../arm-none-eabi/lib/thumb/v6-m/nofp/libm.a
START GROUP
LOAD /home/rait/.platformio/packages/toolchain-gccarmnoneeabi/bin/../lib/gcc/arm-none-eabi/9.2.1/thumb/v6-m/nofp/libgcc.a
LOAD /home/rait/.platformio/packages/toolchain-gccarmnoneeabi/bin/../lib/gcc/arm-none-eabi/9.2.1/../../../../arm-none-eabi/lib/thumb/v6-m/nofp/libc_nano.a
END GROUP
START GROUP
LOAD /home/rait/.platformio/packages/toolchain-gccarmnoneeabi/bin/../lib/gcc/arm-none-eabi/9.2.1/thumb/v6-m/nofp/libgcc.a
LOAD /home/rait/.platformio/packages/toolchain-gccarmnoneeabi/bin/../lib/gcc/arm-none-eabi/9.2.1/../../../../arm-none-eabi/lib/thumb/v6-m/nofp/libc_nano.a
END GROUP
LOAD /home/rait/.platformio/packages/toolchain-gccarmnoneeabi/bin/../lib/gcc/arm-none-eabi/9.2.1/thumb/v6-m/nofp/crtend.o
LOAD /home/rait/.platformio/packages/toolchain-gccarmnoneeabi/bin/../lib/gcc/arm-none-eabi/9.2.1/thumb/v6-m/nofp/crtn.o
START GROUP
LOAD /home/rait/.platformio/packages/toolchain-gccarmnoneeabi/bin/../lib/gcc/arm-none-eabi/9.2.1/thumb/v6-m/nofp/libgcc.a
LOAD /home/rait/.platformio/packages/toolchain-gccarmnoneeabi/bin/../lib/gcc/arm-none-eabi/9.2.1/../../../../arm-none-eabi/lib/thumb/v6-m/nofp/libc.a
LOAD /home/rait/.platformio/packages/toolchain-gccarmnoneeabi/bin/../lib/gcc/arm-none-eabi/9.2.1/../../../../arm-none-eabi/lib/thumb/v6-m/nofp/libnosys.a
END GROUP
                0x0000000000000000                CY_APPL_ORIGIN = 0x0
                0x0000000000000100                CY_FLASH_ROW_SIZE = 0x100
                0x0000000000000001                CY_APPL_NUM = 0x1
                0x0000000000000001                CY_APPL_MAX = 0x1
                0x0000000000000040                CY_METADATA_SIZE = 0x40
                0x0000000000000001                CY_APPL_LOADABLE = 0x1
                0x0000000000000000                CY_CHECKSUM_EXCLUDE_SIZE = ALIGN (0x0, CY_FLASH_ROW_SIZE)
                0x0000000000000000                CY_APP_FOR_STACK_AND_COPIER = 0x0
                [!provide]                        PROVIDE (__cy_heap_start = _end)
                0x0000000000000001                PROVIDE (__cy_region_num = ((__cy_regions_end - __cy_regions) / 0x10))
                0x0000000020004000                PROVIDE (__cy_stack = (ORIGIN (ram) + LENGTH (ram)))
                [!provide]                        PROVIDE (__cy_heap_end = (__cy_stack - 0x800))

.cybootloader   0x0000000000000000     0x2200
 *(.cybootloader)
 .cybootloader  0x0000000000000000     0x2200 .pio/build/cubecell_gps/libFrameworkArduino.a(cybootloader.c.o)
                0x0000000000000000                cy_bootloader
                0x0000000000002200                appl1_start = CY_APPL_ORIGIN?CY_APPL_ORIGIN:ALIGN (CY_FLASH_ROW_SIZE)
                0x0000000000011000                appl2_start = (appl1_start + ALIGN ((((LENGTH (rom) - appl1_start) - (0x2 * CY_FLASH_ROW_SIZE)) / 0x2), CY_FLASH_ROW_SIZE))
                0x0000000000002200                appl_start = (CY_APPL_NUM == 0x1)?appl1_start:appl2_start
                0x0000000000000000                cy_project_type_bootloader = (appl_start == 0x0)?0x1:0x0
                0x0000000000000000                cy_project_type_app_for_stack_and_copier = (CY_APP_FOR_STACK_AND_COPIER == 0x1)?0x1:0x0

.text           0x0000000000002200    0x146ac
 CREATE_OBJECT_SYMBOLS
                0x0000000000002200                PROVIDE (__cy_interrupt_vector = RomVectors)
 *(.romvectors)
 .romvectors    0x0000000000002200       0x10 .pio/build/cubecell_gps/libFrameworkArduino.a(Cm0plusStart.c.o)
                0x0000000000002200                RomVectors
                0x0000000000000001                ASSERT ((. != __cy_interrupt_vector), No interrupt vector)
                0x0000000000000001                ASSERT (CY_APPL_ORIGIN?(SIZEOF (.cybootloader) <= CY_APPL_ORIGIN):0x1, Wrong image location)
                0x0000000000002210                PROVIDE (__cy_reset = Reset)
 *(.text.Reset)
 .text.Reset    0x0000000000002210       0x18 .pio/build/cubecell_gps/libFrameworkArduino.a(Cm0plusStart.c.o)
                0x0000000000002210                Reset
                0x0000000000000001                ASSERT ((. != __cy_reset), No reset code)
 *(.psocinit)
 .psocinit      0x0000000000002228      0x1b4 /home/rait/.platformio/packages/framework-arduinoasrmicro650x/cores/asr650x/projects/CubeCellLib.a(cyfitter_cfg.o)
                0x0000000000002228                cyfitter_cfg
                0x00000000000023dc                . = MAX (., 0x100)
 *(.text .text.* .gnu.linkonce.t.*)
 .text.__do_global_dtors_aux
                0x00000000000023dc       0x28 /home/rait/.platformio/packages/toolchain-gccarmnoneeabi/bin/../lib/gcc/arm-none-eabi/9.2.1/thumb/v6-m/nofp/crtbegin.o
 .text.frame_dummy
                0x0000000000002404       0x20 /home/rait/.platformio/packages/toolchain-gccarmnoneeabi/bin/../lib/gcc/arm-none-eabi/9.2.1/thumb/v6-m/nofp/crtbegin.o
 .text._Z12btnInterruptv
                0x0000000000002424       0x10 .pio/build/cubecell_gps/src/main.cpp.o
                0x0000000000002424                btnInterrupt()
 .text._ZL14handleReleasedv
                0x0000000000002434       0x14 .pio/build/cubecell_gps/src/main.cpp.o
 .text._ZL10handleHeldv
                0x0000000000002448       0x14 .pio/build/cubecell_gps/src/main.cpp.o
 .text._ZL11handleClickv
                0x000000000000245c       0x38 .pio/build/cubecell_gps/src/main.cpp.o
 .text._ZNK15TinyGPSLocation3ageEv
                0x0000000000002494       0x1a .pio/build/cubecell_gps/src/main.cpp.o
                0x0000000000002494                TinyGPSLocation::age() const
 *fill*         0x00000000000024ae        0x2 
 .text._Z8fracPartdi
                0x00000000000024b0       0x48 .pio/build/cubecell_gps/src/main.cpp.o
                0x00000000000024b0                fracPart(double, int)
 .text._Z6VextONv
                0x00000000000024f8       0x14 .pio/build/cubecell_gps/src/main.cpp.o
                0x00000000000024f8                VextON()
 .text._Z12printGPSInfov
                0x000000000000250c      0x20c .pio/build/cubecell_gps/src/main.cpp.o
                0x000000000000250c                printGPSInfo()
 .text._Z5setupv
                0x0000000000002718       0x94 .pio/build/cubecell_gps/src/main.cpp.o
                0x0000000000002718                setup()
 .text.startup._GLOBAL__sub_I_devEui
                0x00000000000027ac       0x14 .pio/build/cubecell_gps/src/main.cpp.o
 .text._ZN11SSD1306Wire7displayEv
                0x00000000000027c0      0x308 .pio/build/cubecell_gps/src/main.cpp.o
                0x00000000000027c0                SSD1306Wire::display()
 .text._Z14displayGPSInfov
                0x0000000000002ac8      0x32c .pio/build/cubecell_gps/src/main.cpp.o
                0x0000000000002ac8                displayGPSInfo()
 .text._Z4loopv
                0x0000000000002df4      0x5a4 .pio/build/cubecell_gps/src/main.cpp.o
                0x0000000000002df4                loop()
 .text.unlikely.printLoraPara
                0x0000000000003398       0x5c /home/rait/.platformio/packages/framework-arduinoasrmicro650x/cores/asr650x/projects/CubeCellLib.a(AT_Command.o)
 .text.getLoraPara
                0x00000000000033f4       0xb0 /home/rait/.platformio/packages/framework-arduinoasrmicro650x/cores/asr650x/projects/CubeCellLib.a(AT_Command.o)
 .text.unlikely.updateLicence
                0x00000000000034a4       0x68 /home/rait/.platformio/packages/framework-arduinoasrmicro650x/cores/asr650x/projects/CubeCellLib.a(AT_Command.o)
 .text.initAt   0x000000000000350c       0x30 /home/rait/.platformio/packages/framework-arduinoasrmicro650x/cores/asr650x/projects/CubeCellLib.a(AT_Command.o)
 .text.onAutoLpm
                0x000000000000353c       0x58 /home/rait/.platformio/packages/framework-arduinoasrmicro650x/cores/asr650x/projects/CubeCellLib.a(AT_Command.o)
 .text.unlikely.print_Para.isra.1
                0x0000000000003594      0x130 /home/rait/.platformio/packages/framework-arduinoasrmicro650x/cores/asr650x/projects/CubeCellLib.a(AT_Command.o)
 .text.unlikely.checkLoraParaformat.isra.2
                0x00000000000036c4       0x84 /home/rait/.platformio/packages/framework-arduinoasrmicro650x/cores/asr650x/projects/CubeCellLib.a(AT_Command.o)
 .text.unlikely.check_content.isra.5
                0x0000000000003748      0x390 /home/rait/.platformio/packages/framework-arduinoasrmicro650x/cores/asr650x/projects/CubeCellLib.a(AT_Command.o)
 .text.wakefromUart
                0x0000000000003ad8       0xb0 /home/rait/.platformio/packages/framework-arduinoasrmicro650x/cores/asr650x/projects/CubeCellLib.a(AT_Command.o)
 .text.ReceiveCommand
                0x0000000000003b88       0x64 /home/rait/.platformio/packages/framework-arduinoasrmicro650x/cores/asr650x/projects/CubeCellLib.a(AT_Command.o)
                0x0000000000003b88                ReceiveCommand
 .text.updatePrintCopyright
                0x0000000000003bec       0x3c /home/rait/.platformio/packages/framework-arduinoasrmicro650x/cores/asr650x/projects/CubeCellLib.a(AT_Command.o)
                0x0000000000003bec                updatePrintCopyright
 .text.checkUserAt
                0x0000000000003c28        0x4 /home/rait/.platformio/packages/framework-arduinoasrmicro650x/cores/asr650x/projects/CubeCellLib.a(AT_Command.o)
                0x0000000000003c28                checkUserAt
 .text.enableAt
                0x0000000000003c2c       0x38 /home/rait/.platformio/packages/framework-arduinoasrmicro650x/cores/asr650x/projects/CubeCellLib.a(AT_Command.o)
                0x0000000000003c2c                enableAt
 .text.print_para_1
                0x0000000000003c64       0x20 /home/rait/.platformio/packages/framework-arduinoasrmicro650x/cores/asr650x/projects/CubeCellLib.a(AT_Command.o)
                0x0000000000003c64                print_para_1
 .text.prepareSavePara
                0x0000000000003c84       0x1c /home/rait/.platformio/packages/framework-arduinoasrmicro650x/cores/asr650x/projects/CubeCellLib.a(AT_Command.o)
                0x0000000000003c84                prepareSavePara
 .text.getDevParam
                0x0000000000003ca0      0x2f8 /home/rait/.platformio/packages/framework-arduinoasrmicro650x/cores/asr650x/projects/CubeCellLib.a(AT_Command.o)
                0x0000000000003ca0                getDevParam
 .text.netInfoDisable
                0x0000000000003f98       0x1a /home/rait/.platformio/packages/framework-arduinoasrmicro650x/cores/asr650x/projects/CubeCellLib.a(AT_Command.o)
                0x0000000000003f98                netInfoDisable
 *fill*         0x0000000000003fb2        0x2 
 .text.onUartEvent
                0x0000000000003fb4      0xde0 /home/rait/.platformio/packages/framework-arduinoasrmicro650x/cores/asr650x/projects/CubeCellLib.a(AT_Command.o)
 .text.saveNetInfo
                0x0000000000004d94       0x58 /home/rait/.platformio/packages/framework-arduinoasrmicro650x/cores/asr650x/projects/CubeCellLib.a(AT_Command.o)
                0x0000000000004d94                saveNetInfo
 .text.checkNetInfo
                0x0000000000004dec       0x34 /home/rait/.platformio/packages/framework-arduinoasrmicro650x/cores/asr650x/projects/CubeCellLib.a(AT_Command.o)
                0x0000000000004dec                checkNetInfo
 .text.saveDownCnt
                0x0000000000004e20       0x40 /home/rait/.platformio/packages/framework-arduinoasrmicro650x/cores/asr650x/projects/CubeCellLib.a(AT_Command.o)
                0x0000000000004e20                saveDownCnt
 .text.getNetInfo
                0x0000000000004e60      0x120 /home/rait/.platformio/packages/framework-arduinoasrmicro650x/cores/asr650x/projects/CubeCellLib.a(AT_Command.o)
                0x0000000000004e60                getNetInfo
 .text.printDevParam
                0x0000000000004f80      0x224 /home/rait/.platformio/packages/framework-arduinoasrmicro650x/cores/asr650x/projects/CubeCellLib.a(AT_Command.o)
                0x0000000000004f80                printDevParam
 .text.UART_1_Enable
                0x00000000000051a4       0x20 /home/rait/.platformio/packages/framework-arduinoasrmicro650x/cores/asr650x/projects/CubeCellLib.a(UART_1.o)
                0x00000000000051a4                UART_1_Enable
 .text.UART_1_Start
                0x00000000000051c4       0x54 /home/rait/.platformio/packages/framework-arduinoasrmicro650x/cores/asr650x/projects/CubeCellLib.a(UART_1.o)
                0x00000000000051c4                UART_1_Start
 .text.UART_1_Stop
                0x0000000000005218       0x54 /home/rait/.platformio/packages/framework-arduinoasrmicro650x/cores/asr650x/projects/CubeCellLib.a(UART_1.o)
                0x0000000000005218                UART_1_Stop
 .text.globalGpioIsrEntry
                0x000000000000526c       0x58 /home/rait/.platformio/packages/framework-arduinoasrmicro650x/cores/asr650x/projects/CubeCellLib.a(ASR_Arduino.o)
                0x000000000000526c                globalGpioIsrEntry
 .text.getID    0x00000000000052c4       0x18 /home/rait/.platformio/packages/framework-arduinoasrmicro650x/cores/asr650x/projects/CubeCellLib.a(ASR_Arduino.o)
                0x00000000000052c4                getID
 .text.license_check
                0x00000000000052dc      0x268 /home/rait/.platformio/packages/framework-arduinoasrmicro650x/cores/asr650x/projects/CubeCellLib.a(ASR_Arduino.o)
                0x00000000000052dc                license_check
 .text.pinMode  0x0000000000005544       0x6c /home/rait/.platformio/packages/framework-arduinoasrmicro650x/cores/asr650x/projects/CubeCellLib.a(ASR_Arduino.o)
                0x0000000000005544                pinMode
 .text.digitalWrite
                0x00000000000055b0       0x68 /home/rait/.platformio/packages/framework-arduinoasrmicro650x/cores/asr650x/projects/CubeCellLib.a(ASR_Arduino.o)
                0x00000000000055b0                digitalWrite
 .text.digitalRead
                0x0000000000005618       0x20 /home/rait/.platformio/packages/framework-arduinoasrmicro650x/cores/asr650x/projects/CubeCellLib.a(ASR_Arduino.o)
                0x0000000000005618                digitalRead
 .text.ClearPinInterrupt
                0x0000000000005638       0x1c /home/rait/.platformio/packages/framework-arduinoasrmicro650x/cores/asr650x/projects/CubeCellLib.a(ASR_Arduino.o)
                0x0000000000005638                ClearPinInterrupt
 .text.attachInterrupt
                0x0000000000005654       0x7c /home/rait/.platformio/packages/framework-arduinoasrmicro650x/cores/asr650x/projects/CubeCellLib.a(ASR_Arduino.o)
                0x0000000000005654                attachInterrupt
 .text.detachInterrupt
                0x00000000000056d0       0x6c /home/rait/.platformio/packages/framework-arduinoasrmicro650x/cores/asr650x/projects/CubeCellLib.a(ASR_Arduino.o)
                0x00000000000056d0                detachInterrupt
 .text.analogRead
                0x000000000000573c       0x70 /home/rait/.platformio/packages/framework-arduinoasrmicro650x/cores/asr650x/projects/CubeCellLib.a(ASR_Arduino.o)
                0x000000000000573c                analogRead
 .text.delay    0x00000000000057ac        0x8 /home/rait/.platformio/packages/framework-arduinoasrmicro650x/cores/asr650x/projects/CubeCellLib.a(ASR_Arduino.o)
                0x00000000000057ac                delay
 .text.millis   0x00000000000057b4        0xc /home/rait/.platformio/packages/framework-arduinoasrmicro650x/cores/asr650x/projects/CubeCellLib.a(ASR_Arduino.o)
                0x00000000000057b4                millis
 .text.SPI_BUSY_SetDriveMode
                0x00000000000057c0        0x2 /home/rait/.platformio/packages/framework-arduinoasrmicro650x/cores/asr650x/projects/CubeCellLib.a(ASR_Arduino.o)
                0x00000000000057c0                SPI_BUSY_SetDriveMode
 .text.SPI_NRESET_SetDriveMode
                0x00000000000057c2        0x2 /home/rait/.platformio/packages/framework-arduinoasrmicro650x/cores/asr650x/projects/CubeCellLib.a(ASR_Arduino.o)
                0x00000000000057c2                SPI_NRESET_SetDriveMode
 .text.antpow_SetDriveMode
                0x00000000000057c4        0x2 /home/rait/.platformio/packages/framework-arduinoasrmicro650x/cores/asr650x/projects/CubeCellLib.a(ASR_Arduino.o)
                0x00000000000057c4                antpow_SetDriveMode
 .text.SPI_1_miso_m_SetDriveMode
                0x00000000000057c6        0x2 /home/rait/.platformio/packages/framework-arduinoasrmicro650x/cores/asr650x/projects/CubeCellLib.a(ASR_Arduino.o)
                0x00000000000057c6                SPI_1_miso_m_SetDriveMode
 .text.SPI_1_mosi_m_SetDriveMode
                0x00000000000057c8        0x2 /home/rait/.platformio/packages/framework-arduinoasrmicro650x/cores/asr650x/projects/CubeCellLib.a(ASR_Arduino.o)
                0x00000000000057c8                SPI_1_mosi_m_SetDriveMode
 .text.SPI_1_sclk_m_SetDriveMode
                0x00000000000057ca        0x2 /home/rait/.platformio/packages/framework-arduinoasrmicro650x/cores/asr650x/projects/CubeCellLib.a(ASR_Arduino.o)
                0x00000000000057ca                SPI_1_sclk_m_SetDriveMode
 .text.TimeStampsUpdate
                0x00000000000057cc       0x38 /home/rait/.platformio/packages/framework-arduinoasrmicro650x/cores/asr650x/projects/CubeCellLib.a(timeServer.o)
 .text.TimerSetTimeout
                0x0000000000005804       0x10 /home/rait/.platformio/packages/framework-arduinoasrmicro650x/cores/asr650x/projects/CubeCellLib.a(timeServer.o)
 .text.TimerInsertNewHeadTimer
                0x0000000000005814       0x1c /home/rait/.platformio/packages/framework-arduinoasrmicro650x/cores/asr650x/projects/CubeCellLib.a(timeServer.o)
 .text.TimerSetSysTime
                0x0000000000005830       0x10 /home/rait/.platformio/packages/framework-arduinoasrmicro650x/cores/asr650x/projects/CubeCellLib.a(timeServer.o)
                0x0000000000005830                TimerSetSysTime
 .text.TimerGetSysTime
                0x0000000000005840       0x28 /home/rait/.platformio/packages/framework-arduinoasrmicro650x/cores/asr650x/projects/CubeCellLib.a(timeServer.o)
                0x0000000000005840                TimerGetSysTime
 .text.TimerInit
                0x0000000000005868        0xe /home/rait/.platformio/packages/framework-arduinoasrmicro650x/cores/asr650x/projects/CubeCellLib.a(timeServer.o)
                0x0000000000005868                TimerInit
 *fill*         0x0000000000005876        0x2 
 .text.TimerStart
                0x0000000000005878       0x88 /home/rait/.platformio/packages/framework-arduinoasrmicro650x/cores/asr650x/projects/CubeCellLib.a(timeServer.o)
                0x0000000000005878                TimerStart
 .text.TimerIrqHandler
                0x0000000000005900       0x70 /home/rait/.platformio/packages/framework-arduinoasrmicro650x/cores/asr650x/projects/CubeCellLib.a(timeServer.o)
                0x0000000000005900                TimerIrqHandler
 .text.TimerStop
                0x0000000000005970       0x68 /home/rait/.platformio/packages/framework-arduinoasrmicro650x/cores/asr650x/projects/CubeCellLib.a(timeServer.o)
                0x0000000000005970                TimerStop
 .text.TimerSetValue
                0x00000000000059d8       0x1c /home/rait/.platformio/packages/framework-arduinoasrmicro650x/cores/asr650x/projects/CubeCellLib.a(timeServer.o)
                0x00000000000059d8                TimerSetValue
 .text.TimerGetCurrentTime
                0x00000000000059f4       0x10 /home/rait/.platformio/packages/framework-arduinoasrmicro650x/cores/asr650x/projects/CubeCellLib.a(timeServer.o)
                0x00000000000059f4                TimerGetCurrentTime
 .text.TimerGetElapsedTime
                0x0000000000005a04       0x10 /home/rait/.platformio/packages/framework-arduinoasrmicro650x/cores/asr650x/projects/CubeCellLib.a(timeServer.o)
                0x0000000000005a04                TimerGetElapsedTime
 .text.get_timer_context
                0x0000000000005a14        0xc /home/rait/.platformio/packages/framework-arduinoasrmicro650x/cores/asr650x/projects/CubeCellLib.a(lorawan_port.o)
 .text.set_timer_val
                0x0000000000005a20        0xc /home/rait/.platformio/packages/framework-arduinoasrmicro650x/cores/asr650x/projects/CubeCellLib.a(lorawan_port.o)
 .text.radio_rw_dis
                0x0000000000005a2c        0x2 /home/rait/.platformio/packages/framework-arduinoasrmicro650x/cores/asr650x/projects/CubeCellLib.a(lorawan_port.o)
 .text.radio_rw
                0x0000000000005a2e        0x4 /home/rait/.platformio/packages/framework-arduinoasrmicro650x/cores/asr650x/projects/CubeCellLib.a(lorawan_port.o)
 *fill*         0x0000000000005a32        0x2 
 .text.RTC_Update_ASR
                0x0000000000005a34       0x28 /home/rait/.platformio/packages/framework-arduinoasrmicro650x/cores/asr650x/projects/CubeCellLib.a(lorawan_port.o)
                0x0000000000005a34                RTC_Update_ASR
 .text.get_current_time
                0x0000000000005a5c       0x54 /home/rait/.platformio/packages/framework-arduinoasrmicro650x/cores/asr650x/projects/CubeCellLib.a(lorawan_port.o)
                0x0000000000005a5c                get_current_time
 .text.get_sys_time
                0x0000000000005ab0       0x28 /home/rait/.platformio/packages/framework-arduinoasrmicro650x/cores/asr650x/projects/CubeCellLib.a(lorawan_port.o)
                0x0000000000005ab0                get_sys_time
 .text.set_sys_time
                0x0000000000005ad8       0x44 /home/rait/.platformio/packages/framework-arduinoasrmicro650x/cores/asr650x/projects/CubeCellLib.a(lorawan_port.o)
                0x0000000000005ad8                set_sys_time
 .text.compute_elapsed_time
                0x0000000000005b1c       0x10 /home/rait/.platformio/packages/framework-arduinoasrmicro650x/cores/asr650x/projects/CubeCellLib.a(lorawan_port.o)
 .text.get_timer_elapsed_time
                0x0000000000005b2c       0x14 /home/rait/.platformio/packages/framework-arduinoasrmicro650x/cores/asr650x/projects/CubeCellLib.a(lorawan_port.o)
 .text.set_timer_context
                0x0000000000005b40       0x14 /home/rait/.platformio/packages/framework-arduinoasrmicro650x/cores/asr650x/projects/CubeCellLib.a(lorawan_port.o)
 .text.enter_sleep_mode
                0x0000000000005b54        0x8 /home/rait/.platformio/packages/framework-arduinoasrmicro650x/cores/asr650x/projects/CubeCellLib.a(lorawan_port.o)
 .text.set_alarm
                0x0000000000005b5c       0x20 /home/rait/.platformio/packages/framework-arduinoasrmicro650x/cores/asr650x/projects/CubeCellLib.a(lorawan_port.o)
 .text.set_timeout
                0x0000000000005b7c       0x2e /home/rait/.platformio/packages/framework-arduinoasrmicro650x/cores/asr650x/projects/CubeCellLib.a(lorawan_port.o)
 .text.AlarmBackHandler
                0x0000000000005baa        0x8 /home/rait/.platformio/packages/framework-arduinoasrmicro650x/cores/asr650x/projects/CubeCellLib.a(lorawan_port.o)
 .text.stop_alarm
                0x0000000000005bb2        0x8 /home/rait/.platformio/packages/framework-arduinoasrmicro650x/cores/asr650x/projects/CubeCellLib.a(lorawan_port.o)
 .text.delay_ms
                0x0000000000005bba        0x8 /home/rait/.platformio/packages/framework-arduinoasrmicro650x/cores/asr650x/projects/CubeCellLib.a(lorawan_port.o)
 .text.get_mft_baud
                0x0000000000005bc2        0x8 /home/rait/.platformio/packages/framework-arduinoasrmicro650x/cores/asr650x/projects/CubeCellLib.a(lorawan_port.o)
 .text.set_mft_baud
                0x0000000000005bca        0x8 /home/rait/.platformio/packages/framework-arduinoasrmicro650x/cores/asr650x/projects/CubeCellLib.a(lorawan_port.o)
 .text.get_mft_sn
                0x0000000000005bd2        0x8 /home/rait/.platformio/packages/framework-arduinoasrmicro650x/cores/asr650x/projects/CubeCellLib.a(lorawan_port.o)
 .text.get_mft_rev
                0x0000000000005bda        0x8 /home/rait/.platformio/packages/framework-arduinoasrmicro650x/cores/asr650x/projects/CubeCellLib.a(lorawan_port.o)
 .text.get_mft_model
                0x0000000000005be2        0x8 /home/rait/.platformio/packages/framework-arduinoasrmicro650x/cores/asr650x/projects/CubeCellLib.a(lorawan_port.o)
 .text.get_mft_id
                0x0000000000005bea        0x8 /home/rait/.platformio/packages/framework-arduinoasrmicro650x/cores/asr650x/projects/CubeCellLib.a(lorawan_port.o)
 .text.radio_rw_en
                0x0000000000005bf2        0x2 /home/rait/.platformio/packages/framework-arduinoasrmicro650x/cores/asr650x/projects/CubeCellLib.a(lorawan_port.o)
 .text.exit_stop_mode
                0x0000000000005bf4        0x2 /home/rait/.platformio/packages/framework-arduinoasrmicro650x/cores/asr650x/projects/CubeCellLib.a(lorawan_port.o)
 .text.set_uc_wakeup_time
                0x0000000000005bf6        0x2 /home/rait/.platformio/packages/framework-arduinoasrmicro650x/cores/asr650x/projects/CubeCellLib.a(lorawan_port.o)
 .text.radio_reset
                0x0000000000005bf8        0x2 /home/rait/.platformio/packages/framework-arduinoasrmicro650x/cores/asr650x/projects/CubeCellLib.a(lorawan_port.o)
 .text.radio_reset_cfg_input
                0x0000000000005bfa        0x2 /home/rait/.platformio/packages/framework-arduinoasrmicro650x/cores/asr650x/projects/CubeCellLib.a(lorawan_port.o)
 .text.BackupGpioDriveMode
                0x0000000000005bfc      0x114 /home/rait/.platformio/packages/framework-arduinoasrmicro650x/cores/asr650x/projects/CubeCellLib.a(lorawan_port.o)
                0x0000000000005bfc                BackupGpioDriveMode
 .text.RestoreGpioDriveMode
                0x0000000000005d10      0x118 /home/rait/.platformio/packages/framework-arduinoasrmicro650x/cores/asr650x/projects/CubeCellLib.a(lorawan_port.o)
                0x0000000000005d10                RestoreGpioDriveMode
 .text.SetPinHIZ
                0x0000000000005e28       0x2e /home/rait/.platformio/packages/framework-arduinoasrmicro650x/cores/asr650x/projects/CubeCellLib.a(lorawan_port.o)
                0x0000000000005e28                SetPinHIZ
 .text.UartDeepsleep
                0x0000000000005e56       0x28 /home/rait/.platformio/packages/framework-arduinoasrmicro650x/cores/asr650x/projects/CubeCellLib.a(lorawan_port.o)
                0x0000000000005e56                UartDeepsleep
 *fill*         0x0000000000005e7e        0x2 
 .text.enter_stop_mode
                0x0000000000005e80       0x3c /home/rait/.platformio/packages/framework-arduinoasrmicro650x/cores/asr650x/projects/CubeCellLib.a(lorawan_port.o)
 .text.RtcInit  0x0000000000005ebc       0x3c /home/rait/.platformio/packages/framework-arduinoasrmicro650x/cores/asr650x/projects/CubeCellLib.a(lorawan_port.o)
                0x0000000000005ebc                RtcInit
 .text.Asr_Timer_RegisterAlarmCallback
                0x0000000000005ef8       0x10 /home/rait/.platformio/packages/framework-arduinoasrmicro650x/cores/asr650x/projects/CubeCellLib.a(asr_timer.o)
                0x0000000000005ef8                Asr_Timer_RegisterAlarmCallback
 .text.Asr_SetTimeout
                0x0000000000005f08       0xc4 /home/rait/.platformio/packages/framework-arduinoasrmicro650x/cores/asr650x/projects/CubeCellLib.a(asr_timer.o)
                0x0000000000005f08                Asr_SetTimeout
 .text.Asr_Timer_Init
                0x0000000000005fcc       0x68 /home/rait/.platformio/packages/framework-arduinoasrmicro650x/cores/asr650x/projects/CubeCellLib.a(asr_timer.o)
                0x0000000000005fcc                Asr_Timer_Init
 .text.Asr_Timer_Disable
                0x0000000000006034       0x18 /home/rait/.platformio/packages/framework-arduinoasrmicro650x/cores/asr650x/projects/CubeCellLib.a(asr_timer.o)
                0x0000000000006034                Asr_Timer_Disable
 .text.Timer0IsrCallback
                0x000000000000604c       0x1c /home/rait/.platformio/packages/framework-arduinoasrmicro650x/cores/asr650x/projects/CubeCellLib.a(asr_timer.o)
                0x000000000000604c                Timer0IsrCallback
 .text.Timer1IsrCallback
                0x0000000000006068       0x28 /home/rait/.platformio/packages/framework-arduinoasrmicro650x/cores/asr650x/projects/CubeCellLib.a(asr_timer.o)
                0x0000000000006068                Timer1IsrCallback
 .text.systemTimer
                0x0000000000006090       0x10 /home/rait/.platformio/packages/framework-arduinoasrmicro650x/cores/asr650x/projects/CubeCellLib.a(cyfitter_cfg.o)
                0x0000000000006090                systemTimer
 .text.SetAnalogRoutingPumps
                0x00000000000060a0       0x1c /home/rait/.platformio/packages/framework-arduinoasrmicro650x/cores/asr650x/projects/CubeCellLib.a(cyfitter_cfg.o)
                0x00000000000060a0                SetAnalogRoutingPumps
 .text._ZN9OneButtonC2Eibb
                0x00000000000060bc       0x66 .pio/build/cubecell_gps/libed2/libOneButton.a(OneButton.cpp.o)
                0x00000000000060bc                OneButton::OneButton(int, bool, bool)
                0x00000000000060bc                OneButton::OneButton(int, bool, bool)
 .text._ZN9OneButton13setPressTicksEi
                0x0000000000006122        0x4 .pio/build/cubecell_gps/libed2/libOneButton.a(OneButton.cpp.o)
                0x0000000000006122                OneButton::setPressTicks(int)
 .text._ZN9OneButton11attachClickEPFvvE
                0x0000000000006126        0x4 .pio/build/cubecell_gps/libed2/libOneButton.a(OneButton.cpp.o)
                0x0000000000006126                OneButton::attachClick(void (*)())
 .text._ZN9OneButton20attachLongPressStartEPFvvE
                0x000000000000612a        0x4 .pio/build/cubecell_gps/libed2/libOneButton.a(OneButton.cpp.o)
                0x000000000000612a                OneButton::attachLongPressStart(void (*)())
 .text._ZN9OneButton19attachLongPressStopEPFvvE
                0x000000000000612e        0x4 .pio/build/cubecell_gps/libed2/libOneButton.a(OneButton.cpp.o)
                0x000000000000612e                OneButton::attachLongPressStop(void (*)())
 .text._ZN9OneButton4tickEb
                0x0000000000006132      0x120 .pio/build/cubecell_gps/libed2/libOneButton.a(OneButton.cpp.o)
                0x0000000000006132                OneButton::tick(bool)
 .text._ZN9OneButton4tickEv
                0x0000000000006252       0x22 .pio/build/cubecell_gps/libed2/libOneButton.a(OneButton.cpp.o)
                0x0000000000006252                OneButton::tick()
 .text._ZN11TinyGPSPlusC2Ev
                0x0000000000006274       0x64 .pio/build/cubecell_gps/libbbe/libOnBoardGPS_Air530.a(CubeCell_TinyGPS++.cpp.o)
                0x0000000000006274                TinyGPSPlus::TinyGPSPlus()
                0x0000000000006274                TinyGPSPlus::TinyGPSPlus()
 .text._ZN11TinyGPSPlus7fromHexEc
                0x00000000000062d8       0x1e .pio/build/cubecell_gps/libbbe/libOnBoardGPS_Air530.a(CubeCell_TinyGPS++.cpp.o)
                0x00000000000062d8                TinyGPSPlus::fromHex(char)
 .text._ZN11TinyGPSPlus12parseDecimalEPKc
                0x00000000000062f6       0x4a .pio/build/cubecell_gps/libbbe/libOnBoardGPS_Air530.a(CubeCell_TinyGPS++.cpp.o)
                0x00000000000062f6                TinyGPSPlus::parseDecimal(char const*)
 .text._ZN11TinyGPSPlus12parseDegreesEPKcR10RawDegrees
                0x0000000000006340       0x64 .pio/build/cubecell_gps/libbbe/libOnBoardGPS_Air530.a(CubeCell_TinyGPS++.cpp.o)
                0x0000000000006340                TinyGPSPlus::parseDegrees(char const*, RawDegrees&)
 .text._ZN15TinyGPSLocation6commitEv
                0x00000000000063a4       0x2e .pio/build/cubecell_gps/libbbe/libOnBoardGPS_Air530.a(CubeCell_TinyGPS++.cpp.o)
                0x00000000000063a4                TinyGPSLocation::commit()
 *fill*         0x00000000000063d2        0x2 
 .text._ZN15TinyGPSLocation3latEv
                0x00000000000063d4       0x48 .pio/build/cubecell_gps/libbbe/libOnBoardGPS_Air530.a(CubeCell_TinyGPS++.cpp.o)
                0x00000000000063d4                TinyGPSLocation::lat()
 .text._ZN15TinyGPSLocation3lngEv
                0x000000000000641c       0x48 .pio/build/cubecell_gps/libbbe/libOnBoardGPS_Air530.a(CubeCell_TinyGPS++.cpp.o)
                0x000000000000641c                TinyGPSLocation::lng()
 .text._ZN11TinyGPSDate6commitEv
                0x0000000000006464       0x16 .pio/build/cubecell_gps/libbbe/libOnBoardGPS_Air530.a(CubeCell_TinyGPS++.cpp.o)
                0x0000000000006464                TinyGPSDate::commit()
 .text._ZN11TinyGPSTime6commitEv
                0x000000000000647a       0x16 .pio/build/cubecell_gps/libbbe/libOnBoardGPS_Air530.a(CubeCell_TinyGPS++.cpp.o)
                0x000000000000647a                TinyGPSTime::commit()
 .text._ZN11TinyGPSTime7setTimeEPKc
                0x0000000000006490        0xe .pio/build/cubecell_gps/libbbe/libOnBoardGPS_Air530.a(CubeCell_TinyGPS++.cpp.o)
                0x0000000000006490                TinyGPSTime::setTime(char const*)
 .text._ZN11TinyGPSDate7setDateEPKc
                0x000000000000649e        0xe .pio/build/cubecell_gps/libbbe/libOnBoardGPS_Air530.a(CubeCell_TinyGPS++.cpp.o)
                0x000000000000649e                TinyGPSDate::setDate(char const*)
 .text._ZN11TinyGPSDate4yearEv
                0x00000000000064ac       0x18 .pio/build/cubecell_gps/libbbe/libOnBoardGPS_Air530.a(CubeCell_TinyGPS++.cpp.o)
                0x00000000000064ac                TinyGPSDate::year()
 .text._ZN11TinyGPSDate5monthEv
                0x00000000000064c4       0x18 .pio/build/cubecell_gps/libbbe/libOnBoardGPS_Air530.a(CubeCell_TinyGPS++.cpp.o)
                0x00000000000064c4                TinyGPSDate::month()
 .text._ZN11TinyGPSDate3dayEv
                0x00000000000064dc       0x18 .pio/build/cubecell_gps/libbbe/libOnBoardGPS_Air530.a(CubeCell_TinyGPS++.cpp.o)
                0x00000000000064dc                TinyGPSDate::day()
 .text._ZN11TinyGPSTime4hourEv
                0x00000000000064f4       0x18 .pio/build/cubecell_gps/libbbe/libOnBoardGPS_Air530.a(CubeCell_TinyGPS++.cpp.o)
                0x00000000000064f4                TinyGPSTime::hour()
 .text._ZN11TinyGPSTime6minuteEv
                0x000000000000650c       0x1c .pio/build/cubecell_gps/libbbe/libOnBoardGPS_Air530.a(CubeCell_TinyGPS++.cpp.o)
                0x000000000000650c                TinyGPSTime::minute()
 .text._ZN11TinyGPSTime6secondEv
                0x0000000000006528       0x18 .pio/build/cubecell_gps/libbbe/libOnBoardGPS_Air530.a(CubeCell_TinyGPS++.cpp.o)
                0x0000000000006528                TinyGPSTime::second()
 .text._ZN11TinyGPSTime11centisecondEv
                0x0000000000006540       0x12 .pio/build/cubecell_gps/libbbe/libOnBoardGPS_Air530.a(CubeCell_TinyGPS++.cpp.o)
                0x0000000000006540                TinyGPSTime::centisecond()
 .text._ZN14TinyGPSDecimal6commitEv
                0x0000000000006552       0x16 .pio/build/cubecell_gps/libbbe/libOnBoardGPS_Air530.a(CubeCell_TinyGPS++.cpp.o)
                0x0000000000006552                TinyGPSDecimal::commit()
 .text._ZN14TinyGPSDecimal3setEPKc
                0x0000000000006568        0xe .pio/build/cubecell_gps/libbbe/libOnBoardGPS_Air530.a(CubeCell_TinyGPS++.cpp.o)
                0x0000000000006568                TinyGPSDecimal::set(char const*)
 .text._ZN14TinyGPSInteger6commitEv
                0x0000000000006576       0x16 .pio/build/cubecell_gps/libbbe/libOnBoardGPS_Air530.a(CubeCell_TinyGPS++.cpp.o)
                0x0000000000006576                TinyGPSInteger::commit()
 .text._ZN14TinyGPSInteger3setEPKc
                0x000000000000658c        0xe .pio/build/cubecell_gps/libbbe/libOnBoardGPS_Air530.a(CubeCell_TinyGPS++.cpp.o)
                0x000000000000658c                TinyGPSInteger::set(char const*)
 .text._ZN13TinyGPSCustom6commitEv
                0x000000000000659a       0x1a .pio/build/cubecell_gps/libbbe/libOnBoardGPS_Air530.a(CubeCell_TinyGPS++.cpp.o)
                0x000000000000659a                TinyGPSCustom::commit()
 .text._ZN13TinyGPSCustom3setEPKc
                0x00000000000065b4        0xa .pio/build/cubecell_gps/libbbe/libOnBoardGPS_Air530.a(CubeCell_TinyGPS++.cpp.o)
                0x00000000000065b4                TinyGPSCustom::set(char const*)
 *fill*         0x00000000000065be        0x2 
 .text._ZN11TinyGPSPlus16endOfTermHandlerEv
                0x00000000000065c0      0x278 .pio/build/cubecell_gps/libbbe/libOnBoardGPS_Air530.a(CubeCell_TinyGPS++.cpp.o)
                0x00000000000065c0                TinyGPSPlus::endOfTermHandler()
 .text._ZN11TinyGPSPlus6encodeEc
                0x0000000000006838       0x9e .pio/build/cubecell_gps/libbbe/libOnBoardGPS_Air530.a(CubeCell_TinyGPS++.cpp.o)
                0x0000000000006838                TinyGPSPlus::encode(char)
 .text._ZN14HardwareSerialD2Ev
                0x00000000000068d6        0x2 .pio/build/cubecell_gps/libbbe/libOnBoardGPS_Air530.a(GPS_Air530.cpp.o)
                0x00000000000068d6                HardwareSerial::~HardwareSerial()
                0x00000000000068d6                HardwareSerial::~HardwareSerial()
 .text._Z11calchecksum6String
                0x00000000000068d8       0x5c .pio/build/cubecell_gps/libbbe/libOnBoardGPS_Air530.a(GPS_Air530.cpp.o)
                0x00000000000068d8                calchecksum(String)
 .text._ZN11Air530Class9availableEv
                0x0000000000006934       0x10 .pio/build/cubecell_gps/libbbe/libOnBoardGPS_Air530.a(GPS_Air530.cpp.o)
                0x0000000000006934                Air530Class::available()
 .text._ZN11Air530Class4readEv
                0x0000000000006944       0x10 .pio/build/cubecell_gps/libbbe/libOnBoardGPS_Air530.a(GPS_Air530.cpp.o)
                0x0000000000006944                Air530Class::read()
 .text._ZN11Air530Class3endEv
                0x0000000000006954       0x18 .pio/build/cubecell_gps/libbbe/libOnBoardGPS_Air530.a(GPS_Air530.cpp.o)
                0x0000000000006954                Air530Class::end()
 .text._ZN11Air530Class7sendcmdE6String
                0x000000000000696c       0x34 .pio/build/cubecell_gps/libbbe/libOnBoardGPS_Air530.a(GPS_Air530.cpp.o)
                0x000000000000696c                Air530Class::sendcmd(String)
 .text._ZN11Air530Class7getNMEAEv
                0x00000000000069a0       0x9c .pio/build/cubecell_gps/libbbe/libOnBoardGPS_Air530.a(GPS_Air530.cpp.o)
                0x00000000000069a0                Air530Class::getNMEA()
 .text._ZN11Air530Class5beginEm
                0x0000000000006a3c      0x1f8 .pio/build/cubecell_gps/libbbe/libOnBoardGPS_Air530.a(GPS_Air530.cpp.o)
                0x0000000000006a3c                Air530Class::begin(unsigned long)
 .text._ZN14HardwareSerialD0Ev
                0x0000000000006c34        0xe .pio/build/cubecell_gps/libbbe/libOnBoardGPS_Air530.a(GPS_Air530.cpp.o)
                0x0000000000006c34                HardwareSerial::~HardwareSerial()
 *fill*         0x0000000000006c42        0x2 
 .text.startup._GLOBAL__sub_I_GPSSerial
                0x0000000000006c44       0x38 .pio/build/cubecell_gps/libbbe/libOnBoardGPS_Air530.a(GPS_Air530.cpp.o)
 .text._ZN11OLEDDisplay11sendCommandEh
                0x0000000000006c7c        0x2 .pio/build/cubecell_gps/libce6/libOLED.a(cubecell_OLEDDisplay.cpp.o)
                0x0000000000006c7c                OLEDDisplay::sendCommand(unsigned char)
 .text._ZN11OLEDDisplay7connectEv
                0x0000000000006c7e        0x4 .pio/build/cubecell_gps/libce6/libOLED.a(cubecell_OLEDDisplay.cpp.o)
                0x0000000000006c7e                OLEDDisplay::connect()
 *fill*         0x0000000000006c82        0x2 
 .text._Z22DefaultFontTableLookuph
                0x0000000000006c84       0x38 .pio/build/cubecell_gps/libce6/libOLED.a(cubecell_OLEDDisplay.cpp.o)
                0x0000000000006c84                DefaultFontTableLookup(unsigned char)
 .text._ZN11OLEDDisplay5writeEh
                0x0000000000006cbc       0x80 .pio/build/cubecell_gps/libce6/libOLED.a(cubecell_OLEDDisplay.cpp.o)
                0x0000000000006cbc                OLEDDisplay::write(unsigned char)
 .text._ZN11OLEDDisplayC2Ev
                0x0000000000006d3c       0x3c .pio/build/cubecell_gps/libce6/libOLED.a(cubecell_OLEDDisplay.cpp.o)
                0x0000000000006d3c                OLEDDisplay::OLEDDisplay()
                0x0000000000006d3c                OLEDDisplay::OLEDDisplay()
 .text._ZN11OLEDDisplay3endEv
                0x0000000000006d78       0x52 .pio/build/cubecell_gps/libce6/libOLED.a(cubecell_OLEDDisplay.cpp.o)
                0x0000000000006d78                OLEDDisplay::end()
 *fill*         0x0000000000006dca        0x2 
 .text._ZN11OLEDDisplayD2Ev
                0x0000000000006dcc       0x18 .pio/build/cubecell_gps/libce6/libOLED.a(cubecell_OLEDDisplay.cpp.o)
                0x0000000000006dcc                OLEDDisplay::~OLEDDisplay()
                0x0000000000006dcc                OLEDDisplay::~OLEDDisplay()
 .text._ZN11OLEDDisplay18drawStringInternalEssPctt
                0x0000000000006de4      0x1d8 .pio/build/cubecell_gps/libce6/libOLED.a(cubecell_OLEDDisplay.cpp.o)
                0x0000000000006de4                OLEDDisplay::drawStringInternal(short, short, char*, unsigned short, unsigned short)
 .text._ZN11OLEDDisplay14getStringWidthEPKct
                0x0000000000006fbc       0x48 .pio/build/cubecell_gps/libce6/libOLED.a(cubecell_OLEDDisplay.cpp.o)
                0x0000000000006fbc                OLEDDisplay::getStringWidth(char const*, unsigned short)
 .text._ZN11OLEDDisplay16setTextAlignmentE26OLEDDISPLAY_TEXT_ALIGNMENT
                0x0000000000007004        0x4 .pio/build/cubecell_gps/libce6/libOLED.a(cubecell_OLEDDisplay.cpp.o)
                0x0000000000007004                OLEDDisplay::setTextAlignment(OLEDDISPLAY_TEXT_ALIGNMENT)
 .text._ZN11OLEDDisplay7setFontEPKh
                0x0000000000007008        0x4 .pio/build/cubecell_gps/libce6/libOLED.a(cubecell_OLEDDisplay.cpp.o)
                0x0000000000007008                OLEDDisplay::setFont(unsigned char const*)
 .text._ZN11OLEDDisplay9displayOnEv
                0x000000000000700c        0xc .pio/build/cubecell_gps/libce6/libOLED.a(cubecell_OLEDDisplay.cpp.o)
                0x000000000000700c                OLEDDisplay::displayOn()
 .text._ZN11OLEDDisplay10displayOffEv
                0x0000000000007018        0xc .pio/build/cubecell_gps/libce6/libOLED.a(cubecell_OLEDDisplay.cpp.o)
                0x0000000000007018                OLEDDisplay::displayOff()
 .text._ZN11OLEDDisplay5clearEv
                0x0000000000007024        0xe .pio/build/cubecell_gps/libce6/libOLED.a(cubecell_OLEDDisplay.cpp.o)
                0x0000000000007024                OLEDDisplay::clear()
 .text._ZN11OLEDDisplay12resetDisplayEv
                0x0000000000007032       0x1c .pio/build/cubecell_gps/libce6/libOLED.a(cubecell_OLEDDisplay.cpp.o)
                0x0000000000007032                OLEDDisplay::resetDisplay()
 *fill*         0x000000000000704e        0x2 
 .text._ZN11OLEDDisplay11setGeometryE20OLEDDISPLAY_GEOMETRYtt
                0x0000000000007050       0x3c .pio/build/cubecell_gps/libce6/libOLED.a(cubecell_OLEDDisplay.cpp.o)
                0x0000000000007050                OLEDDisplay::setGeometry(OLEDDISPLAY_GEOMETRY, unsigned short, unsigned short)
 .text._ZN11OLEDDisplay12setDrivemodeE17OLEDDISPLAY_DRIVE
                0x000000000000708c        0x4 .pio/build/cubecell_gps/libce6/libOLED.a(cubecell_OLEDDisplay.cpp.o)
                0x000000000000708c                OLEDDisplay::setDrivemode(OLEDDISPLAY_DRIVE)
 .text._ZN11OLEDDisplay6setRstEa
                0x0000000000007090        0x4 .pio/build/cubecell_gps/libce6/libOLED.a(cubecell_OLEDDisplay.cpp.o)
                0x0000000000007090                OLEDDisplay::setRst(signed char)
 .text._ZN11OLEDDisplay16sendInitCommandsEv
                0x0000000000007094      0x218 .pio/build/cubecell_gps/libce6/libOLED.a(cubecell_OLEDDisplay.cpp.o)
                0x0000000000007094                OLEDDisplay::sendInitCommands()
 .text._ZN11OLEDDisplay4initEv
                0x00000000000072ac       0xce .pio/build/cubecell_gps/libce6/libOLED.a(cubecell_OLEDDisplay.cpp.o)
                0x00000000000072ac                OLEDDisplay::init()
 .text._ZN11OLEDDisplay9utf8asciiE6String
                0x000000000000737a       0x60 .pio/build/cubecell_gps/libce6/libOLED.a(cubecell_OLEDDisplay.cpp.o)
                0x000000000000737a                OLEDDisplay::utf8ascii(String)
 *fill*         0x00000000000073da        0x2 
 .text._ZN11OLEDDisplay10drawStringEss6String
                0x00000000000073dc       0xa8 .pio/build/cubecell_gps/libce6/libOLED.a(cubecell_OLEDDisplay.cpp.o)
                0x00000000000073dc                OLEDDisplay::drawString(short, short, String)
 .text._ZN11SSD1306Wire15getBufferOffsetEv
                0x0000000000007484        0x4 .pio/build/cubecell_gps/lib510/libLoRa.a(LoRaWan_APP.cpp.o)
                0x0000000000007484                SSD1306Wire::getBufferOffset()
 .text._ZN11SSD1306Wire11sendCommandEh
                0x0000000000007488       0x34 .pio/build/cubecell_gps/lib510/libLoRa.a(LoRaWan_APP.cpp.o)
                0x0000000000007488                SSD1306Wire::sendCommand(unsigned char)
 .text._ZL11McpsConfirmP12sMcpsConfirm
                0x00000000000074bc        0xc .pio/build/cubecell_gps/lib510/libLoRa.a(LoRaWan_APP.cpp.o)
 .text._ZN11SSD1306Wire7connectEv
                0x00000000000074c8       0x18 .pio/build/cubecell_gps/lib510/libLoRa.a(LoRaWan_APP.cpp.o)
                0x00000000000074c8                SSD1306Wire::connect()
 .text._ZN11SSD1306WireD2Ev
                0x00000000000074e0       0x14 .pio/build/cubecell_gps/lib510/libLoRa.a(LoRaWan_APP.cpp.o)
                0x00000000000074e0                SSD1306Wire::~SSD1306Wire()
                0x00000000000074e0                SSD1306Wire::~SSD1306Wire()
 .text._ZN11SSD1306WireD0Ev
                0x00000000000074f4       0x14 .pio/build/cubecell_gps/lib510/libLoRa.a(LoRaWan_APP.cpp.o)
                0x00000000000074f4                SSD1306Wire::~SSD1306Wire()
 .text._ZL24OnTxNextPacketTimerEventv
                0x0000000000007508       0x68 .pio/build/cubecell_gps/lib510/libLoRa.a(LoRaWan_APP.cpp.o)
 .text._ZL14MlmeIndicationP15sMlmeIndication
                0x0000000000007570        0xe .pio/build/cubecell_gps/lib510/libLoRa.a(LoRaWan_APP.cpp.o)
 *fill*         0x000000000000757e        0x2 
 .text._ZN11SSD1306Wire18initI2cIfNeccesaryEv
                0x0000000000007580       0x20 .pio/build/cubecell_gps/lib510/libLoRa.a(LoRaWan_APP.cpp.o)
                0x0000000000007580                SSD1306Wire::initI2cIfNeccesary()
 .text.getBatteryVoltage
                0x00000000000075a0       0x28 .pio/build/cubecell_gps/lib510/libLoRa.a(LoRaWan_APP.cpp.o)
                0x00000000000075a0                getBatteryVoltage
 .text.BoardGetBatteryLevel
                0x00000000000075c8       0x7c .pio/build/cubecell_gps/lib510/libLoRa.a(LoRaWan_APP.cpp.o)
                0x00000000000075c8                BoardGetBatteryLevel
 .text.downLinkDataHandle
                0x0000000000007644       0x5c .pio/build/cubecell_gps/lib510/libLoRa.a(LoRaWan_APP.cpp.o)
                0x0000000000007644                downLinkDataHandle
 .text._ZL14McpsIndicationP15sMcpsIndication
                0x00000000000076a0       0x80 .pio/build/cubecell_gps/lib510/libLoRa.a(LoRaWan_APP.cpp.o)
 .text.dev_time_updated
                0x0000000000007720       0x10 .pio/build/cubecell_gps/lib510/libLoRa.a(LoRaWan_APP.cpp.o)
                0x0000000000007720                dev_time_updated
 .text.lwan_dev_params_update
                0x0000000000007730       0xa0 .pio/build/cubecell_gps/lib510/libLoRa.a(LoRaWan_APP.cpp.o)
                0x0000000000007730                lwan_dev_params_update
 .text.SendFrame
                0x00000000000077d0       0xa0 .pio/build/cubecell_gps/lib510/libLoRa.a(LoRaWan_APP.cpp.o)
                0x00000000000077d0                SendFrame
 .text._ZN12LoRaWanClass4initE12eDeviceClass16eLoRaMacRegion_t
                0x0000000000007870      0x144 .pio/build/cubecell_gps/lib510/libLoRa.a(LoRaWan_APP.cpp.o)
                0x0000000000007870                LoRaWanClass::init(eDeviceClass, eLoRaMacRegion_t)
 .text._ZN12LoRaWanClass4joinEv
                0x00000000000079b4       0xb0 .pio/build/cubecell_gps/lib510/libLoRa.a(LoRaWan_APP.cpp.o)
                0x00000000000079b4                LoRaWanClass::join()
 .text._ZN12LoRaWanClass4sendEv
                0x0000000000007a64       0x3c .pio/build/cubecell_gps/lib510/libLoRa.a(LoRaWan_APP.cpp.o)
                0x0000000000007a64                LoRaWanClass::send()
 .text._ZN12LoRaWanClass5cycleEm
                0x0000000000007aa0       0x18 .pio/build/cubecell_gps/lib510/libLoRa.a(LoRaWan_APP.cpp.o)
                0x0000000000007aa0                LoRaWanClass::cycle(unsigned long)
 .text._ZN12LoRaWanClass5sleepEv
                0x0000000000007ab8       0x14 .pio/build/cubecell_gps/lib510/libLoRa.a(LoRaWan_APP.cpp.o)
                0x0000000000007ab8                LoRaWanClass::sleep()
 .text._ZN12LoRaWanClass10ifskipjoinEv
                0x0000000000007acc      0x108 .pio/build/cubecell_gps/lib510/libLoRa.a(LoRaWan_APP.cpp.o)
                0x0000000000007acc                LoRaWanClass::ifskipjoin()
 .text.startup._GLOBAL__sub_I_display
                0x0000000000007bd4       0x64 .pio/build/cubecell_gps/lib510/libLoRa.a(LoRaWan_APP.cpp.o)
 .text._ZN12LoRaWanClass14displayJoiningEv
                0x0000000000007c38       0x4c .pio/build/cubecell_gps/lib510/libLoRa.a(LoRaWan_APP.cpp.o)
                0x0000000000007c38                LoRaWanClass::displayJoining()
 .text._ZN12LoRaWanClass13displayJoinedEv
                0x0000000000007c84       0x40 .pio/build/cubecell_gps/lib510/libLoRa.a(LoRaWan_APP.cpp.o)
                0x0000000000007c84                LoRaWanClass::displayJoined()
 .text._ZL11MlmeConfirmP12sMlmeConfirm
                0x0000000000007cc4       0x7c .pio/build/cubecell_gps/lib510/libLoRa.a(LoRaWan_APP.cpp.o)
 .text._ZN12LoRaWanClass14displayMcuInitEv
                0x0000000000007d40       0x88 .pio/build/cubecell_gps/lib510/libLoRa.a(LoRaWan_APP.cpp.o)
                0x0000000000007d40                LoRaWanClass::displayMcuInit()
 .text._ZN6Stream9readBytesEPhj
                0x0000000000007dc8        0xa .pio/build/cubecell_gps/libFrameworkArduino.a(HardwareSerial.cpp.o)
                0x0000000000007dc8                Stream::readBytes(unsigned char*, unsigned int)
 .text._ZN14HardwareSerial4peekEv
                0x0000000000007dd2        0x4 .pio/build/cubecell_gps/libFrameworkArduino.a(HardwareSerial.cpp.o)
                0x0000000000007dd2                HardwareSerial::peek()
 .text._ZN14HardwareSerial9availableEv
                0x0000000000007dd6       0x16 .pio/build/cubecell_gps/libFrameworkArduino.a(HardwareSerial.cpp.o)
                0x0000000000007dd6                HardwareSerial::available()
 .text._ZN14HardwareSerial4readEv
                0x0000000000007dec       0x26 .pio/build/cubecell_gps/libFrameworkArduino.a(HardwareSerial.cpp.o)
                0x0000000000007dec                HardwareSerial::read()
 .text._ZN14HardwareSerial5writeEh
                0x0000000000007e12       0x1a .pio/build/cubecell_gps/libFrameworkArduino.a(HardwareSerial.cpp.o)
                0x0000000000007e12                HardwareSerial::write(unsigned char)
 .text._ZN14HardwareSerial5writeEPKhj
                0x0000000000007e2c       0x28 .pio/build/cubecell_gps/libFrameworkArduino.a(HardwareSerial.cpp.o)
                0x0000000000007e2c                HardwareSerial::write(unsigned char const*, unsigned int)
 .text._ZN14HardwareSerial5flushEv
                0x0000000000007e54       0x2c .pio/build/cubecell_gps/libFrameworkArduino.a(HardwareSerial.cpp.o)
                0x0000000000007e54                HardwareSerial::flush()
 .text._ZN14HardwareSerialC2Ea
                0x0000000000007e80       0x1c .pio/build/cubecell_gps/libFrameworkArduino.a(HardwareSerial.cpp.o)
                0x0000000000007e80                HardwareSerial::HardwareSerial(signed char)
                0x0000000000007e80                HardwareSerial::HardwareSerial(signed char)
 .text._ZN14HardwareSerial5beginEmmabm
                0x0000000000007e9c      0x124 .pio/build/cubecell_gps/libFrameworkArduino.a(HardwareSerial.cpp.o)
                0x0000000000007e9c                HardwareSerial::begin(unsigned long, unsigned long, signed char, bool, unsigned long)
 .text._ZN14HardwareSerial14updateBaudRateEm
                0x0000000000007fc0       0x5c .pio/build/cubecell_gps/libFrameworkArduino.a(HardwareSerial.cpp.o)
                0x0000000000007fc0                HardwareSerial::updateBaudRate(unsigned long)
 .text._ZN14HardwareSerial3endEv
                0x000000000000801c       0x14 .pio/build/cubecell_gps/libFrameworkArduino.a(HardwareSerial.cpp.o)
                0x000000000000801c                HardwareSerial::end()
 .text.startup._GLOBAL__sub_I_Serial
                0x0000000000008030       0x5c .pio/build/cubecell_gps/libFrameworkArduino.a(HardwareSerial.cpp.o)
 .text._ZN7TwoWireD2Ev
                0x000000000000808c        0x2 .pio/build/cubecell_gps/libFrameworkArduino.a(Wire.cpp.o)
                0x000000000000808c                TwoWire::~TwoWire()
                0x000000000000808c                TwoWire::~TwoWire()
 .text._ZN7TwoWire5writeEPKhj
                0x000000000000808e       0x24 .pio/build/cubecell_gps/libFrameworkArduino.a(Wire.cpp.o)
                0x000000000000808e                TwoWire::write(unsigned char const*, unsigned int)
 .text._ZN7TwoWire9availableEv
                0x00000000000080b2        0xe .pio/build/cubecell_gps/libFrameworkArduino.a(Wire.cpp.o)
                0x00000000000080b2                TwoWire::available()
 .text._ZN7TwoWire4readEv
                0x00000000000080c0       0x20 .pio/build/cubecell_gps/libFrameworkArduino.a(Wire.cpp.o)
                0x00000000000080c0                TwoWire::read()
 .text._ZN7TwoWire4peekEv
                0x00000000000080e0       0x1c .pio/build/cubecell_gps/libFrameworkArduino.a(Wire.cpp.o)
                0x00000000000080e0                TwoWire::peek()
 .text._ZN7TwoWireD0Ev
                0x00000000000080fc       0x10 .pio/build/cubecell_gps/libFrameworkArduino.a(Wire.cpp.o)
                0x00000000000080fc                TwoWire::~TwoWire()
 .text._ZN7TwoWire5writeEh
                0x000000000000810c       0x40 .pio/build/cubecell_gps/libFrameworkArduino.a(Wire.cpp.o)
                0x000000000000810c                TwoWire::write(unsigned char)
 .text._ZN7TwoWire5flushEv
                0x000000000000814c       0x78 .pio/build/cubecell_gps/libFrameworkArduino.a(Wire.cpp.o)
                0x000000000000814c                TwoWire::flush()
 .text._ZN7TwoWireC2Ea
                0x00000000000081c4       0x3c .pio/build/cubecell_gps/libFrameworkArduino.a(Wire.cpp.o)
                0x00000000000081c4                TwoWire::TwoWire(signed char)
                0x00000000000081c4                TwoWire::TwoWire(signed char)
 .text._ZN7TwoWire5beginEma
                0x0000000000008200       0x6c .pio/build/cubecell_gps/libFrameworkArduino.a(Wire.cpp.o)
                0x0000000000008200                TwoWire::begin(unsigned long, signed char)
 .text._ZN7TwoWire17writeTransmissionEtPhtb
                0x000000000000826c       0xc0 .pio/build/cubecell_gps/libFrameworkArduino.a(Wire.cpp.o)
                0x000000000000826c                TwoWire::writeTransmission(unsigned short, unsigned char*, unsigned short, bool)
 .text._ZN7TwoWire15endTransmissionEb
                0x000000000000832c       0x68 .pio/build/cubecell_gps/libFrameworkArduino.a(Wire.cpp.o)
                0x000000000000832c                TwoWire::endTransmission(bool)
 .text._ZN7TwoWire17beginTransmissionEh
                0x0000000000008394       0x12 .pio/build/cubecell_gps/libFrameworkArduino.a(Wire.cpp.o)
                0x0000000000008394                TwoWire::beginTransmission(unsigned char)
 .text._ZN7TwoWire15endTransmissionEv
                0x00000000000083a6        0xa .pio/build/cubecell_gps/libFrameworkArduino.a(Wire.cpp.o)
                0x00000000000083a6                TwoWire::endTransmission()
 .text.startup._GLOBAL__sub_I__ZN7TwoWireC2Ea
                0x00000000000083b0       0x40 .pio/build/cubecell_gps/libFrameworkArduino.a(Wire.cpp.o)
 .text.SX126xIoInit
                0x00000000000083f0       0x44 .pio/build/cubecell_gps/libFrameworkArduino.a(asr_board.c.o)
                0x00000000000083f0                SX126xIoInit
 .text.SX126xIoIrqInit
                0x0000000000008434       0x14 .pio/build/cubecell_gps/libFrameworkArduino.a(asr_board.c.o)
                0x0000000000008434                SX126xIoIrqInit
 .text.SX126xGetBoardTcxoWakeupTime
                0x0000000000008448        0x4 .pio/build/cubecell_gps/libFrameworkArduino.a(asr_board.c.o)
                0x0000000000008448                SX126xGetBoardTcxoWakeupTime
 .text.SX126xReset
                0x000000000000844c       0x50 .pio/build/cubecell_gps/libFrameworkArduino.a(asr_board.c.o)
                0x000000000000844c                SX126xReset
 .text.SX126xWaitOnBusy
                0x000000000000849c       0x14 .pio/build/cubecell_gps/libFrameworkArduino.a(asr_board.c.o)
                0x000000000000849c                SX126xWaitOnBusy
 .text.SX126xWakeup
                0x00000000000084b0       0x38 .pio/build/cubecell_gps/libFrameworkArduino.a(asr_board.c.o)
                0x00000000000084b0                SX126xWakeup
 .text.SX126xWriteCommand
                0x00000000000084e8       0x50 .pio/build/cubecell_gps/libFrameworkArduino.a(asr_board.c.o)
                0x00000000000084e8                SX126xWriteCommand
 .text.SX126xReadCommand
                0x0000000000008538       0x54 .pio/build/cubecell_gps/libFrameworkArduino.a(asr_board.c.o)
                0x0000000000008538                SX126xReadCommand
 .text.SX126xWriteRegisters
                0x000000000000858c       0x5c .pio/build/cubecell_gps/libFrameworkArduino.a(asr_board.c.o)
                0x000000000000858c                SX126xWriteRegisters
 .text.SX126xWriteRegister
                0x00000000000085e8       0x12 .pio/build/cubecell_gps/libFrameworkArduino.a(asr_board.c.o)
                0x00000000000085e8                SX126xWriteRegister
 *fill*         0x00000000000085fa        0x2 
 .text.SX126xReadRegisters
                0x00000000000085fc       0x64 .pio/build/cubecell_gps/libFrameworkArduino.a(asr_board.c.o)
                0x00000000000085fc                SX126xReadRegisters
 .text.SX126xReadRegister
                0x0000000000008660       0x12 .pio/build/cubecell_gps/libFrameworkArduino.a(asr_board.c.o)
                0x0000000000008660                SX126xReadRegister
 *fill*         0x0000000000008672        0x2 
 .text.SX126xWriteBuffer
                0x0000000000008674       0x54 .pio/build/cubecell_gps/libFrameworkArduino.a(asr_board.c.o)
                0x0000000000008674                SX126xWriteBuffer
 .text.SX126xReadBuffer
                0x00000000000086c8       0x5c .pio/build/cubecell_gps/libFrameworkArduino.a(asr_board.c.o)
                0x00000000000086c8                SX126xReadBuffer
 .text.SX126xSetRfTxPower
                0x0000000000008724        0xa .pio/build/cubecell_gps/libFrameworkArduino.a(asr_board.c.o)
                0x0000000000008724                SX126xSetRfTxPower
 .text.SX126xGetPaSelect
                0x000000000000872e        0x4 .pio/build/cubecell_gps/libFrameworkArduino.a(asr_board.c.o)
                0x000000000000872e                SX126xGetPaSelect
 .text.SX126xAntSwOn
                0x0000000000008732        0x2 .pio/build/cubecell_gps/libFrameworkArduino.a(asr_board.c.o)
                0x0000000000008732                SX126xAntSwOn
 .text.SX126xAntSwOff
                0x0000000000008734        0x2 .pio/build/cubecell_gps/libFrameworkArduino.a(asr_board.c.o)
                0x0000000000008734                SX126xAntSwOff
 .text.BoardDisableIrq
                0x0000000000008736        0x4 .pio/build/cubecell_gps/libFrameworkArduino.a(asr_board.c.o)
                0x0000000000008736                BoardDisableIrq
 .text.BoardEnableIrq
                0x000000000000873a        0x4 .pio/build/cubecell_gps/libFrameworkArduino.a(asr_board.c.o)
                0x000000000000873a                BoardEnableIrq
 *fill*         0x000000000000873e        0x2 
 .text.boardInitMcu
                0x0000000000008740       0x4c .pio/build/cubecell_gps/libFrameworkArduino.a(asr_board.c.o)
                0x0000000000008740                boardInitMcu
 .text.HW_Get_MFT_ID
                0x000000000000878c        0x8 .pio/build/cubecell_gps/libFrameworkArduino.a(asr_board.c.o)
                0x000000000000878c                HW_Get_MFT_ID
 .text.HW_Get_MFT_Model
                0x0000000000008794        0x8 .pio/build/cubecell_gps/libFrameworkArduino.a(asr_board.c.o)
                0x0000000000008794                HW_Get_MFT_Model
 .text.HW_Get_MFT_Rev
                0x000000000000879c        0x8 .pio/build/cubecell_gps/libFrameworkArduino.a(asr_board.c.o)
                0x000000000000879c                HW_Get_MFT_Rev
 .text.HW_Get_MFT_SN
                0x00000000000087a4       0x24 .pio/build/cubecell_gps/libFrameworkArduino.a(asr_board.c.o)
                0x00000000000087a4                HW_Get_MFT_SN
 .text.HW_Set_MFT_Baud
                0x00000000000087c8       0x64 .pio/build/cubecell_gps/libFrameworkArduino.a(asr_board.c.o)
                0x00000000000087c8                HW_Set_MFT_Baud
 .text.HW_Get_MFT_Baud
                0x000000000000882c        0xc .pio/build/cubecell_gps/libFrameworkArduino.a(asr_board.c.o)
                0x000000000000882c                HW_Get_MFT_Baud
 .text.GpioInit
                0x0000000000008838       0x12 .pio/build/cubecell_gps/libFrameworkArduino.a(gpio.c.o)
                0x0000000000008838                GpioInit
 .text.GpioSetInterrupt
                0x000000000000884a        0x8 .pio/build/cubecell_gps/libFrameworkArduino.a(gpio.c.o)
                0x000000000000884a                GpioSetInterrupt
 .text.GpioWrite
                0x0000000000008852        0x8 .pio/build/cubecell_gps/libFrameworkArduino.a(gpio.c.o)
                0x0000000000008852                GpioWrite
 .text.GpioRead
                0x000000000000885a        0x8 .pio/build/cubecell_gps/libFrameworkArduino.a(gpio.c.o)
                0x000000000000885a                GpioRead
 .text.SpiInit  0x0000000000008862        0x8 .pio/build/cubecell_gps/libFrameworkArduino.a(spi-board.c.o)
                0x0000000000008862                SpiInit
 *fill*         0x000000000000886a        0x2 
 .text.SpiInOut
                0x000000000000886c       0x34 .pio/build/cubecell_gps/libFrameworkArduino.a(spi-board.c.o)
                0x000000000000886c                SpiInOut
 .text.ADC_SAR_Seq_Init
                0x00000000000088a0       0xd8 .pio/build/cubecell_gps/libFrameworkArduino.a(ADC_SAR_Seq.c.o)
                0x00000000000088a0                ADC_SAR_Seq_Init
 .text.ADC_SAR_Seq_Enable
                0x0000000000008978       0x2c .pio/build/cubecell_gps/libFrameworkArduino.a(ADC_SAR_Seq.c.o)
                0x0000000000008978                ADC_SAR_Seq_Enable
 .text.ADC_SAR_Seq_Start
                0x00000000000089a4       0x1c .pio/build/cubecell_gps/libFrameworkArduino.a(ADC_SAR_Seq.c.o)
                0x00000000000089a4                ADC_SAR_Seq_Start
 .text.ADC_SAR_Seq_Stop
                0x00000000000089c0       0x10 .pio/build/cubecell_gps/libFrameworkArduino.a(ADC_SAR_Seq.c.o)
                0x00000000000089c0                ADC_SAR_Seq_Stop
 .text.ADC_SAR_Seq_StartConvert
                0x00000000000089d0        0xc .pio/build/cubecell_gps/libFrameworkArduino.a(ADC_SAR_Seq.c.o)
                0x00000000000089d0                ADC_SAR_Seq_StartConvert
 .text.ADC_SAR_Seq_StopConvert
                0x00000000000089dc        0x2 .pio/build/cubecell_gps/libFrameworkArduino.a(ADC_SAR_Seq.c.o)
                0x00000000000089dc                ADC_SAR_Seq_StopConvert
 *fill*         0x00000000000089de        0x2 
 .text.ADC_SAR_Seq_IsEndConversion
                0x00000000000089e0       0x2c .pio/build/cubecell_gps/libFrameworkArduino.a(ADC_SAR_Seq.c.o)
                0x00000000000089e0                ADC_SAR_Seq_IsEndConversion
 .text.ADC_SAR_Seq_GetResult16
                0x0000000000008a0c       0x20 .pio/build/cubecell_gps/libFrameworkArduino.a(ADC_SAR_Seq.c.o)
                0x0000000000008a0c                ADC_SAR_Seq_GetResult16
 .text.ADC_SAR_Seq_CountsTo_mVolts
                0x0000000000008a2c       0x50 .pio/build/cubecell_gps/libFrameworkArduino.a(ADC_SAR_Seq.c.o)
                0x0000000000008a2c                ADC_SAR_Seq_CountsTo_mVolts
 .text.ADC_SAR_Seq_ISR
                0x0000000000008a7c        0xc .pio/build/cubecell_gps/libFrameworkArduino.a(ADC_SAR_Seq_INT.c.o)
                0x0000000000008a7c                ADC_SAR_Seq_ISR
 .text.I2C_1_I2CMasterHandleStatus
                0x0000000000008a88       0x94 .pio/build/cubecell_gps/libFrameworkArduino.a(I2C_1_I2C_MASTER.c.o)
 .text.I2C_1_I2CMasterWaitOneUnit
                0x0000000000008b1c       0x24 .pio/build/cubecell_gps/libFrameworkArduino.a(I2C_1_I2C_MASTER.c.o)
 .text.I2C_1_I2CMasterSendStart
                0x0000000000008b40       0xbc .pio/build/cubecell_gps/libFrameworkArduino.a(I2C_1_I2C_MASTER.c.o)
                0x0000000000008b40                I2C_1_I2CMasterSendStart
 .text.I2C_1_I2CMasterSendStop
                0x0000000000008bfc       0x54 .pio/build/cubecell_gps/libFrameworkArduino.a(I2C_1_I2C_MASTER.c.o)
                0x0000000000008bfc                I2C_1_I2CMasterSendStop
 .text.I2C_1_I2CMasterWriteByte
                0x0000000000008c50       0x44 .pio/build/cubecell_gps/libFrameworkArduino.a(I2C_1_I2C_MASTER.c.o)
                0x0000000000008c50                I2C_1_I2CMasterWriteByte
 .text.I2C_1_I2CMasterClearReadBuf
                0x0000000000008c94       0x24 .pio/build/cubecell_gps/libFrameworkArduino.a(I2C_1_I2C_MASTER.c.o)
                0x0000000000008c94                I2C_1_I2CMasterClearReadBuf
 .text.I2C_1_I2CMasterClearWriteBuf
                0x0000000000008cb8       0x24 .pio/build/cubecell_gps/libFrameworkArduino.a(I2C_1_I2C_MASTER.c.o)
                0x0000000000008cb8                I2C_1_I2CMasterClearWriteBuf
 .text.I2C_1_I2CMasterClearStatus
                0x0000000000008cdc       0x20 .pio/build/cubecell_gps/libFrameworkArduino.a(I2C_1_I2C_MASTER.c.o)
                0x0000000000008cdc                I2C_1_I2CMasterClearStatus
 .text.I2C_1_I2CReStartGeneration
                0x0000000000008cfc       0x24 .pio/build/cubecell_gps/libFrameworkArduino.a(I2C_1_I2C_MASTER.c.o)
                0x0000000000008cfc                I2C_1_I2CReStartGeneration
 .text.I2C_1_I2CMasterSendRestart
                0x0000000000008d20       0x60 .pio/build/cubecell_gps/libFrameworkArduino.a(I2C_1_I2C_MASTER.c.o)
                0x0000000000008d20                I2C_1_I2CMasterSendRestart
 .text.I2C_I2CMasterHandleStatus
                0x0000000000008d80       0x94 .pio/build/cubecell_gps/libFrameworkArduino.a(I2C_I2C_MASTER.c.o)
 .text.I2C_I2CMasterWaitOneUnit
                0x0000000000008e14       0x24 .pio/build/cubecell_gps/libFrameworkArduino.a(I2C_I2C_MASTER.c.o)
 .text.I2C_I2CMasterSendStart
                0x0000000000008e38       0xbc .pio/build/cubecell_gps/libFrameworkArduino.a(I2C_I2C_MASTER.c.o)
                0x0000000000008e38                I2C_I2CMasterSendStart
 .text.I2C_I2CMasterSendStop
                0x0000000000008ef4       0x54 .pio/build/cubecell_gps/libFrameworkArduino.a(I2C_I2C_MASTER.c.o)
                0x0000000000008ef4                I2C_I2CMasterSendStop
 .text.I2C_I2CMasterWriteByte
                0x0000000000008f48       0x44 .pio/build/cubecell_gps/libFrameworkArduino.a(I2C_I2C_MASTER.c.o)
                0x0000000000008f48                I2C_I2CMasterWriteByte
 .text.I2C_I2CMasterClearReadBuf
                0x0000000000008f8c       0x24 .pio/build/cubecell_gps/libFrameworkArduino.a(I2C_I2C_MASTER.c.o)
                0x0000000000008f8c                I2C_I2CMasterClearReadBuf
 .text.I2C_I2CMasterClearWriteBuf
                0x0000000000008fb0       0x24 .pio/build/cubecell_gps/libFrameworkArduino.a(I2C_I2C_MASTER.c.o)
                0x0000000000008fb0                I2C_I2CMasterClearWriteBuf
 .text.I2C_I2CMasterClearStatus
                0x0000000000008fd4       0x20 .pio/build/cubecell_gps/libFrameworkArduino.a(I2C_I2C_MASTER.c.o)
                0x0000000000008fd4                I2C_I2CMasterClearStatus
 .text.I2C_I2CReStartGeneration
                0x0000000000008ff4       0x24 .pio/build/cubecell_gps/libFrameworkArduino.a(I2C_I2C_MASTER.c.o)
                0x0000000000008ff4                I2C_I2CReStartGeneration
 .text.I2C_I2CMasterSendRestart
                0x0000000000009018       0x60 .pio/build/cubecell_gps/libFrameworkArduino.a(I2C_I2C_MASTER.c.o)
                0x0000000000009018                I2C_I2CMasterSendRestart
 .text.PWM1_Stop
                0x0000000000009078       0x34 .pio/build/cubecell_gps/libFrameworkArduino.a(PWM1.c.o)
                0x0000000000009078                PWM1_Stop
 .text.PWM2_Stop
                0x00000000000090ac       0x34 .pio/build/cubecell_gps/libFrameworkArduino.a(PWM2.c.o)
                0x00000000000090ac                PWM2_Stop
 .text._ZN5Print5writeEPKhj
                0x00000000000090e0       0x22 .pio/build/cubecell_gps/libFrameworkArduino.a(Print.cpp.o)
                0x00000000000090e0                Print::write(unsigned char const*, unsigned int)
 .text._ZN5Print5writeEPKc
                0x0000000000009102       0x1c .pio/build/cubecell_gps/libFrameworkArduino.a(Print.cpp.o)
                0x0000000000009102                Print::write(char const*)
 .text._ZN5Print6printfEPKcz
                0x000000000000911e       0x5a .pio/build/cubecell_gps/libFrameworkArduino.a(Print.cpp.o)
                0x000000000000911e                Print::printf(char const*, ...)
 .text._ZN5Print5printERK6String
                0x0000000000009178       0x14 .pio/build/cubecell_gps/libFrameworkArduino.a(Print.cpp.o)
                0x0000000000009178                Print::print(String const&)
 .text._ZN5Print5printEPKc
                0x000000000000918c        0x8 .pio/build/cubecell_gps/libFrameworkArduino.a(Print.cpp.o)
                0x000000000000918c                Print::print(char const*)
 .text._ZN5Print5printEc
                0x0000000000009194        0xa .pio/build/cubecell_gps/libFrameworkArduino.a(Print.cpp.o)
                0x0000000000009194                Print::print(char)
 *fill*         0x000000000000919e        0x2 
 .text._ZN5Print7printlnEv
                0x00000000000091a0       0x10 .pio/build/cubecell_gps/libFrameworkArduino.a(Print.cpp.o)
                0x00000000000091a0                Print::println()
 .text._ZN5Print7printlnEPKc
                0x00000000000091b0       0x14 .pio/build/cubecell_gps/libFrameworkArduino.a(Print.cpp.o)
                0x00000000000091b0                Print::println(char const*)
 .text._ZN5Print11printNumberEmh
                0x00000000000091c4       0x4e .pio/build/cubecell_gps/libFrameworkArduino.a(Print.cpp.o)
                0x00000000000091c4                Print::printNumber(unsigned long, unsigned char)
 .text._ZN5Print5printEli
                0x0000000000009212       0x3e .pio/build/cubecell_gps/libFrameworkArduino.a(Print.cpp.o)
                0x0000000000009212                Print::print(long, int)
 .text._ZN5Print7printlnEii
                0x0000000000009250       0x14 .pio/build/cubecell_gps/libFrameworkArduino.a(Print.cpp.o)
                0x0000000000009250                Print::println(int, int)
 .text._ZN5Print5printEmi
                0x0000000000009264       0x18 .pio/build/cubecell_gps/libFrameworkArduino.a(Print.cpp.o)
                0x0000000000009264                Print::print(unsigned long, int)
 .text._ZN5Print7printlnEmi
                0x000000000000927c       0x14 .pio/build/cubecell_gps/libFrameworkArduino.a(Print.cpp.o)
                0x000000000000927c                Print::println(unsigned long, int)
 .text._ZN5Print10printFloatEdh
                0x0000000000009290      0x168 .pio/build/cubecell_gps/libFrameworkArduino.a(Print.cpp.o)
                0x0000000000009290                Print::printFloat(double, unsigned char)
 .text._ZN5Print5printEdi
                0x00000000000093f8        0xe .pio/build/cubecell_gps/libFrameworkArduino.a(Print.cpp.o)
                0x00000000000093f8                Print::print(double, int)
 .text._ZN5Print7printlnEdi
                0x0000000000009406       0x1a .pio/build/cubecell_gps/libFrameworkArduino.a(Print.cpp.o)
                0x0000000000009406                Print::println(double, int)
 .text._ZN6Stream9timedReadEv
                0x0000000000009420       0x2a .pio/build/cubecell_gps/libFrameworkArduino.a(Stream.cpp.o)
                0x0000000000009420                Stream::timedRead()
 .text._ZN6Stream9readBytesEPcj
                0x000000000000944a       0x22 .pio/build/cubecell_gps/libFrameworkArduino.a(Stream.cpp.o)
                0x000000000000944a                Stream::readBytes(char*, unsigned int)
 .text._ZN6Stream10readStringEv
                0x000000000000946c       0x28 .pio/build/cubecell_gps/libFrameworkArduino.a(Stream.cpp.o)
                0x000000000000946c                Stream::readString()
 .text._ZN6Stream14readBytesUntilEcPcj
                0x0000000000009494       0x2c .pio/build/cubecell_gps/libFrameworkArduino.a(Stream.cpp.o)
                0x0000000000009494                Stream::readBytesUntil(char, char*, unsigned int)
 .text._ZN6Stream15readStringUntilEc
                0x00000000000094c0       0x30 .pio/build/cubecell_gps/libFrameworkArduino.a(Stream.cpp.o)
                0x00000000000094c0                Stream::readStringUntil(char)
 .text._ZN6StringD2Ev
                0x00000000000094f0       0x12 .pio/build/cubecell_gps/libFrameworkArduino.a(WString.cpp.o)
                0x00000000000094f0                String::~String()
                0x00000000000094f0                String::~String()
 .text._ZN6String10invalidateEv
                0x0000000000009502       0x18 .pio/build/cubecell_gps/libFrameworkArduino.a(WString.cpp.o)
                0x0000000000009502                String::invalidate()
 .text._ZN6String12changeBufferEj
                0x000000000000951a       0x3a .pio/build/cubecell_gps/libFrameworkArduino.a(WString.cpp.o)
                0x000000000000951a                String::changeBuffer(unsigned int)
 .text._ZN6String7reserveEj
                0x0000000000009554       0x2a .pio/build/cubecell_gps/libFrameworkArduino.a(WString.cpp.o)
                0x0000000000009554                String::reserve(unsigned int)
 .text._ZN6String4copyEPKcj
                0x000000000000957e       0x28 .pio/build/cubecell_gps/libFrameworkArduino.a(WString.cpp.o)
                0x000000000000957e                String::copy(char const*, unsigned int)
 .text._ZN6StringC2EPKc
                0x00000000000095a6       0x26 .pio/build/cubecell_gps/libFrameworkArduino.a(WString.cpp.o)
                0x00000000000095a6                String::String(char const*)
                0x00000000000095a6                String::String(char const*)
 .text._ZN6String4moveERS_
                0x00000000000095cc       0x3c .pio/build/cubecell_gps/libFrameworkArduino.a(WString.cpp.o)
                0x00000000000095cc                String::move(String&)
 .text._ZN6StringC2EOS_
                0x0000000000009608       0x14 .pio/build/cubecell_gps/libFrameworkArduino.a(WString.cpp.o)
                0x0000000000009608                String::String(String&&)
                0x0000000000009608                String::String(String&&)
 .text._ZN6StringaSERKS_
                0x000000000000961c       0x20 .pio/build/cubecell_gps/libFrameworkArduino.a(WString.cpp.o)
                0x000000000000961c                String::operator=(String const&)
 .text._ZN6StringC2ERKS_
                0x000000000000963c       0x14 .pio/build/cubecell_gps/libFrameworkArduino.a(WString.cpp.o)
                0x000000000000963c                String::String(String const&)
                0x000000000000963c                String::String(String const&)
 .text._ZN6StringaSEOS_
                0x0000000000009650       0x10 .pio/build/cubecell_gps/libFrameworkArduino.a(WString.cpp.o)
                0x0000000000009650                String::operator=(String&&)
 .text._ZN6StringaSEPKc
                0x0000000000009660       0x22 .pio/build/cubecell_gps/libFrameworkArduino.a(WString.cpp.o)
                0x0000000000009660                String::operator=(char const*)
 .text._ZN6StringC2Emh
                0x0000000000009682       0x24 .pio/build/cubecell_gps/libFrameworkArduino.a(WString.cpp.o)
                0x0000000000009682                String::String(unsigned long, unsigned char)
                0x0000000000009682                String::String(unsigned long, unsigned char)
 .text._ZN6String6concatEPKcj
                0x00000000000096a6       0x32 .pio/build/cubecell_gps/libFrameworkArduino.a(WString.cpp.o)
                0x00000000000096a6                String::concat(char const*, unsigned int)
 .text._ZN6String6concatERKS_
                0x00000000000096d8        0xc .pio/build/cubecell_gps/libFrameworkArduino.a(WString.cpp.o)
                0x00000000000096d8                String::concat(String const&)
 .text._ZN6String6concatEPKc
                0x00000000000096e4       0x1a .pio/build/cubecell_gps/libFrameworkArduino.a(WString.cpp.o)
                0x00000000000096e4                String::concat(char const*)
 .text._ZN6String6concatEc
                0x00000000000096fe       0x16 .pio/build/cubecell_gps/libFrameworkArduino.a(WString.cpp.o)
                0x00000000000096fe                String::concat(char)
 .text._ZplRK15StringSumHelperRK6String
                0x0000000000009714       0x1a .pio/build/cubecell_gps/libFrameworkArduino.a(WString.cpp.o)
                0x0000000000009714                operator+(StringSumHelper const&, String const&)
 .text._ZNK6String6equalsEPKc
                0x000000000000972e       0x28 .pio/build/cubecell_gps/libFrameworkArduino.a(WString.cpp.o)
                0x000000000000972e                String::equals(char const*) const
 *fill*         0x0000000000009756        0x2 
 .text._ZN6StringixEj
                0x0000000000009758       0x1c .pio/build/cubecell_gps/libFrameworkArduino.a(WString.cpp.o)
                0x0000000000009758                String::operator[](unsigned int)
 .text._ZNK6String8getBytesEPhjj
                0x0000000000009774       0x34 .pio/build/cubecell_gps/libFrameworkArduino.a(WString.cpp.o)
                0x0000000000009774                String::getBytes(unsigned char*, unsigned int, unsigned int) const
 .text.global_irq_SetPriority
                0x00000000000097a8       0x20 .pio/build/cubecell_gps/libFrameworkArduino.a(irq.c.o)
                0x00000000000097a8                global_irq_SetPriority
 .text.global_irq_StartEx
                0x00000000000097c8       0x24 .pio/build/cubecell_gps/libFrameworkArduino.a(irq.c.o)
                0x00000000000097c8                global_irq_StartEx
 .text.global_irq_Disable
                0x00000000000097ec        0xc .pio/build/cubecell_gps/libFrameworkArduino.a(irq.c.o)
                0x00000000000097ec                global_irq_Disable
 .text.reverse  0x00000000000097f8       0x14 .pio/build/cubecell_gps/libFrameworkArduino.a(stdlib_noniso.c.o)
                0x00000000000097f8                reverse
 .text.ultoa    0x000000000000980c       0x44 .pio/build/cubecell_gps/libFrameworkArduino.a(stdlib_noniso.c.o)
                0x000000000000980c                ultoa
 .text.RadioCheckRfFrequency
                0x0000000000009850        0x4 .pio/build/cubecell_gps/libFrameworkArduino.a(radio.c.o)
                0x0000000000009850                RadioCheckRfFrequency
 .text.RadioOnDioIrq
                0x0000000000009854        0xc .pio/build/cubecell_gps/libFrameworkArduino.a(radio.c.o)
                0x0000000000009854                RadioOnDioIrq
 .text.RadioStandby
                0x0000000000009860        0xa .pio/build/cubecell_gps/libFrameworkArduino.a(radio.c.o)
                0x0000000000009860                RadioStandby
 *fill*         0x000000000000986a        0x2 
 .text.RadioInit
                0x000000000000986c       0x6c .pio/build/cubecell_gps/libFrameworkArduino.a(radio.c.o)
                0x000000000000986c                RadioInit
 .text.RadioGetStatus
                0x00000000000098d8       0x1a .pio/build/cubecell_gps/libFrameworkArduino.a(radio.c.o)
                0x00000000000098d8                RadioGetStatus
 .text.RadioSetChannel
                0x00000000000098f2        0x8 .pio/build/cubecell_gps/libFrameworkArduino.a(radio.c.o)
                0x00000000000098f2                RadioSetChannel
 .text.RadioRssi
                0x00000000000098fa        0xa .pio/build/cubecell_gps/libFrameworkArduino.a(radio.c.o)
                0x00000000000098fa                RadioRssi
 .text.RadioSyncWord
                0x0000000000009904       0x10 .pio/build/cubecell_gps/libFrameworkArduino.a(radio.c.o)
                0x0000000000009904                RadioSyncWord
 .text.RadioSend
                0x0000000000009914       0x58 .pio/build/cubecell_gps/libFrameworkArduino.a(radio.c.o)
                0x0000000000009914                RadioSend
 .text.RadioSleep
                0x000000000000996c       0x10 .pio/build/cubecell_gps/libFrameworkArduino.a(radio.c.o)
                0x000000000000996c                RadioSleep
 .text.RadioSetRxDutyCycle
                0x000000000000997c        0x8 .pio/build/cubecell_gps/libFrameworkArduino.a(radio.c.o)
                0x000000000000997c                RadioSetRxDutyCycle
 .text.RadioStartCad
                0x0000000000009984       0x64 .pio/build/cubecell_gps/libFrameworkArduino.a(radio.c.o)
                0x0000000000009984                RadioStartCad
 .text.RadioSetTxContinuousWave
                0x00000000000099e8       0x44 .pio/build/cubecell_gps/libFrameworkArduino.a(radio.c.o)
                0x00000000000099e8                RadioSetTxContinuousWave
 .text.RadioWrite
                0x0000000000009a2c        0x8 .pio/build/cubecell_gps/libFrameworkArduino.a(radio.c.o)
                0x0000000000009a2c                RadioWrite
 .text.RadioRead
                0x0000000000009a34        0x8 .pio/build/cubecell_gps/libFrameworkArduino.a(radio.c.o)
                0x0000000000009a34                RadioRead
 .text.RadioWriteBuffer
                0x0000000000009a3c        0x8 .pio/build/cubecell_gps/libFrameworkArduino.a(radio.c.o)
                0x0000000000009a3c                RadioWriteBuffer
 .text.RadioReadBuffer
                0x0000000000009a44        0x8 .pio/build/cubecell_gps/libFrameworkArduino.a(radio.c.o)
                0x0000000000009a44                RadioReadBuffer
 .text.RadioGetWakeupTime
                0x0000000000009a4c        0xa .pio/build/cubecell_gps/libFrameworkArduino.a(radio.c.o)
                0x0000000000009a4c                RadioGetWakeupTime
 *fill*         0x0000000000009a56        0x2 
 .text.RadioOnTxTimeoutIrq
                0x0000000000009a58       0x20 .pio/build/cubecell_gps/libFrameworkArduino.a(radio.c.o)
                0x0000000000009a58                RadioOnTxTimeoutIrq
 .text.RadioOnRxTimeoutIrq
                0x0000000000009a78       0x20 .pio/build/cubecell_gps/libFrameworkArduino.a(radio.c.o)
                0x0000000000009a78                RadioOnRxTimeoutIrq
 .text.RadioOnCadTimeoutIrq
                0x0000000000009a98       0x20 .pio/build/cubecell_gps/libFrameworkArduino.a(radio.c.o)
                0x0000000000009a98                RadioOnCadTimeoutIrq
 .text.RadioGetFskBandwidthRegValue
                0x0000000000009ab8       0x34 .pio/build/cubecell_gps/libFrameworkArduino.a(radio.c.o)
 .text.RadioSetMaxPayloadLength
                0x0000000000009aec       0x38 .pio/build/cubecell_gps/libFrameworkArduino.a(radio.c.o)
                0x0000000000009aec                RadioSetMaxPayloadLength
 .text.RadioRx  0x0000000000009b24       0x54 .pio/build/cubecell_gps/libFrameworkArduino.a(radio.c.o)
                0x0000000000009b24                RadioRx
 .text.RadioRxBoosted
                0x0000000000009b78       0x48 .pio/build/cubecell_gps/libFrameworkArduino.a(radio.c.o)
                0x0000000000009b78                RadioRxBoosted
 .text.RadioIrqProcess
                0x0000000000009bc0      0x13c .pio/build/cubecell_gps/libFrameworkArduino.a(radio.c.o)
                0x0000000000009bc0                RadioIrqProcess
 .text.RadioSetPublicNetwork
                0x0000000000009cfc       0x40 .pio/build/cubecell_gps/libFrameworkArduino.a(radio.c.o)
                0x0000000000009cfc                RadioSetPublicNetwork
 .text.RadioSetModem.part.0
                0x0000000000009d3c       0x20 .pio/build/cubecell_gps/libFrameworkArduino.a(radio.c.o)
 .text.RadioSetModem
                0x0000000000009d5c       0x20 .pio/build/cubecell_gps/libFrameworkArduino.a(radio.c.o)
                0x0000000000009d5c                RadioSetModem
 .text.RadioIsChannelFree
                0x0000000000009d7c       0x50 .pio/build/cubecell_gps/libFrameworkArduino.a(radio.c.o)
                0x0000000000009d7c                RadioIsChannelFree
 .text.RadioRandom
                0x0000000000009dcc       0x38 .pio/build/cubecell_gps/libFrameworkArduino.a(radio.c.o)
                0x0000000000009dcc                RadioRandom
 .text.RadioSymbTime
                0x0000000000009e04       0x2c .pio/build/cubecell_gps/libFrameworkArduino.a(radio.c.o)
                0x0000000000009e04                RadioSymbTime
 .text.RadioSetRxConfig
                0x0000000000009e30      0x21c .pio/build/cubecell_gps/libFrameworkArduino.a(radio.c.o)
                0x0000000000009e30                RadioSetRxConfig
 .text.RadioSetTxConfig
                0x000000000000a04c      0x1a0 .pio/build/cubecell_gps/libFrameworkArduino.a(radio.c.o)
                0x000000000000a04c                RadioSetTxConfig
 .text.RadioTimeOnAir
                0x000000000000a1ec      0x198 .pio/build/cubecell_gps/libFrameworkArduino.a(radio.c.o)
                0x000000000000a1ec                RadioTimeOnAir
 .text.SX126xGetOperatingMode
                0x000000000000a384        0xc .pio/build/cubecell_gps/libFrameworkArduino.a(sx126x.c.o)
                0x000000000000a384                SX126xGetOperatingMode
 .text.SX126xSetOperatingMode
                0x000000000000a390        0xc .pio/build/cubecell_gps/libFrameworkArduino.a(sx126x.c.o)
                0x000000000000a390                SX126xSetOperatingMode
 .text.SX126xCheckDeviceReady
                0x000000000000a39c       0x24 .pio/build/cubecell_gps/libFrameworkArduino.a(sx126x.c.o)
                0x000000000000a39c                SX126xCheckDeviceReady
 .text.SX126xSetPayload
                0x000000000000a3c0        0xe .pio/build/cubecell_gps/libFrameworkArduino.a(sx126x.c.o)
                0x000000000000a3c0                SX126xSetPayload
 *fill*         0x000000000000a3ce        0x2 
 .text.SX126xSetSyncWord
                0x000000000000a3d0       0x3c .pio/build/cubecell_gps/libFrameworkArduino.a(sx126x.c.o)
                0x000000000000a3d0                SX126xSetSyncWord
 .text.SX126xSetCrcSeed
                0x000000000000a40c       0x24 .pio/build/cubecell_gps/libFrameworkArduino.a(sx126x.c.o)
                0x000000000000a40c                SX126xSetCrcSeed
 .text.SX126xSetCrcPolynomial
                0x000000000000a430       0x24 .pio/build/cubecell_gps/libFrameworkArduino.a(sx126x.c.o)
                0x000000000000a430                SX126xSetCrcPolynomial
 .text.SX126xSetWhiteningSeed
                0x000000000000a454       0x3c .pio/build/cubecell_gps/libFrameworkArduino.a(sx126x.c.o)
                0x000000000000a454                SX126xSetWhiteningSeed
 .text.SX126xSetSleep
                0x000000000000a490       0x20 .pio/build/cubecell_gps/libFrameworkArduino.a(sx126x.c.o)
                0x000000000000a490                SX126xSetSleep
 .text.SX126xSetStandby
                0x000000000000a4b0       0x28 .pio/build/cubecell_gps/libFrameworkArduino.a(sx126x.c.o)
                0x000000000000a4b0                SX126xSetStandby
 .text.SX126xSetTx
                0x000000000000a4d8       0x24 .pio/build/cubecell_gps/libFrameworkArduino.a(sx126x.c.o)
                0x000000000000a4d8                SX126xSetTx
 .text.SX126xSendPayload
                0x000000000000a4fc       0x10 .pio/build/cubecell_gps/libFrameworkArduino.a(sx126x.c.o)
                0x000000000000a4fc                SX126xSendPayload
 .text.SX126xSetRx
                0x000000000000a50c       0x24 .pio/build/cubecell_gps/libFrameworkArduino.a(sx126x.c.o)
                0x000000000000a50c                SX126xSetRx
 .text.SX126xSetRxBoosted
                0x000000000000a530       0x30 .pio/build/cubecell_gps/libFrameworkArduino.a(sx126x.c.o)
                0x000000000000a530                SX126xSetRxBoosted
 .text.SX126xSetRxDutyCycle
                0x000000000000a560       0x2c .pio/build/cubecell_gps/libFrameworkArduino.a(sx126x.c.o)
                0x000000000000a560                SX126xSetRxDutyCycle
 .text.SX126xSetCad
                0x000000000000a58c       0x18 .pio/build/cubecell_gps/libFrameworkArduino.a(sx126x.c.o)
                0x000000000000a58c                SX126xSetCad
 .text.SX126xSetTxContinuousWave
                0x000000000000a5a4        0xe .pio/build/cubecell_gps/libFrameworkArduino.a(sx126x.c.o)
                0x000000000000a5a4                SX126xSetTxContinuousWave
 .text.SX126xSetStopRxTimerOnPreambleDetect
                0x000000000000a5b2       0x12 .pio/build/cubecell_gps/libFrameworkArduino.a(sx126x.c.o)
                0x000000000000a5b2                SX126xSetStopRxTimerOnPreambleDetect
 .text.SX126xSetLoRaSymbNumTimeout
                0x000000000000a5c4       0x12 .pio/build/cubecell_gps/libFrameworkArduino.a(sx126x.c.o)
                0x000000000000a5c4                SX126xSetLoRaSymbNumTimeout
 .text.SX126xSetRegulatorMode
                0x000000000000a5d6       0x12 .pio/build/cubecell_gps/libFrameworkArduino.a(sx126x.c.o)
                0x000000000000a5d6                SX126xSetRegulatorMode
 .text.SX126xCalibrate
                0x000000000000a5e8       0x10 .pio/build/cubecell_gps/libFrameworkArduino.a(sx126x.c.o)
                0x000000000000a5e8                SX126xCalibrate
 .text.SX126xCalibrateImage
                0x000000000000a5f8       0x68 .pio/build/cubecell_gps/libFrameworkArduino.a(sx126x.c.o)
                0x000000000000a5f8                SX126xCalibrateImage
 .text.SX126xSetPaConfig
                0x000000000000a660       0x18 .pio/build/cubecell_gps/libFrameworkArduino.a(sx126x.c.o)
                0x000000000000a660                SX126xSetPaConfig
 .text.SX126xSetDioIrqParams
                0x000000000000a678       0x20 .pio/build/cubecell_gps/libFrameworkArduino.a(sx126x.c.o)
                0x000000000000a678                SX126xSetDioIrqParams
 .text.SX126xGetIrqStatus
                0x000000000000a698       0x1a .pio/build/cubecell_gps/libFrameworkArduino.a(sx126x.c.o)
                0x000000000000a698                SX126xGetIrqStatus
 .text.SX126xSetDio2AsRfSwitchCtrl
                0x000000000000a6b2       0x12 .pio/build/cubecell_gps/libFrameworkArduino.a(sx126x.c.o)
                0x000000000000a6b2                SX126xSetDio2AsRfSwitchCtrl
 .text.SX126xSetDio3AsTcxoCtrl
                0x000000000000a6c4       0x1e .pio/build/cubecell_gps/libFrameworkArduino.a(sx126x.c.o)
                0x000000000000a6c4                SX126xSetDio3AsTcxoCtrl
 *fill*         0x000000000000a6e2        0x2 
 .text.SX126xInit
                0x000000000000a6e4       0x4c .pio/build/cubecell_gps/libFrameworkArduino.a(sx126x.c.o)
                0x000000000000a6e4                SX126xInit
 .text.SX126xSetRfFrequency
                0x000000000000a730       0x40 .pio/build/cubecell_gps/libFrameworkArduino.a(sx126x.c.o)
                0x000000000000a730                SX126xSetRfFrequency
 .text.SX126xSetPacketType
                0x000000000000a770       0x1c .pio/build/cubecell_gps/libFrameworkArduino.a(sx126x.c.o)
                0x000000000000a770                SX126xSetPacketType
 .text.SX126xGetPacketType